Mar 16 08:09:58 app-1 kernel: Inspecting /boot/System.map-2.6.24-26-server
Mar 16 08:09:58 app-1 kernel: Loaded 28787 symbols from /boot/System.map-2.6.24-26-server.
Mar 16 08:09:58 app-1 kernel: Symbols match kernel version 2.6.24.
Mar 16 08:09:58 app-1 kernel: Loaded 14773 symbols from 62 modules.
Mar 16 08:09:58 app-1 kernel: [    0.000000] Initializing cgroup subsys cpuset
Mar 16 08:09:58 app-1 kernel: [    0.000000] Initializing cgroup subsys cpu
Mar 16 08:09:58 app-1 kernel: [    0.000000] Linux version 2.6.24-26-server (buildd@crested) (gcc version 4.2.4 (Ubuntu 4.2.4-1ubuntu3)) #1 SMP Tue Dec 1 18:26:43 UTC 2009 (Ubuntu 2.6.24-26.64-server)
Mar 16 08:09:58 app-1 kernel: [    0.000000] Command line: root=UUID=a691743a-a4b7-482d-95ff-406e5acd83a3 ro quiet splash
Mar 16 08:09:58 app-1 kernel: [    0.000000] BIOS-provided physical RAM map:
Mar 16 08:09:58 app-1 kernel: [    0.000000]  BIOS-e820: 0000000000000000 - 000000000009f800 (usable)
Mar 16 08:09:58 app-1 kernel: [    0.000000]  BIOS-e820: 000000000009f800 - 00000000000a0000 (reserved)
Mar 16 08:09:58 app-1 kernel: [    0.000000]  BIOS-e820: 00000000000ca000 - 00000000000cc000 (reserved)
Mar 16 08:09:58 app-1 kernel: [    0.000000]  BIOS-e820: 00000000000dc000 - 00000000000e4000 (reserved)
Mar 16 08:09:58 app-1 kernel: [    0.000000]  BIOS-e820: 00000000000e8000 - 0000000000100000 (reserved)
Mar 16 08:09:58 app-1 kernel: [    0.000000]  BIOS-e820: 0000000000100000 - 000000001fef0000 (usable)
Mar 16 08:09:58 app-1 kernel: [    0.000000]  BIOS-e820: 000000001fef0000 - 000000001feff000 (ACPI data)
Mar 16 08:09:58 app-1 kernel: [    0.000000]  BIOS-e820: 000000001feff000 - 000000001ff00000 (ACPI NVS)
Mar 16 08:09:58 app-1 kernel: [    0.000000]  BIOS-e820: 000000001ff00000 - 0000000020000000 (usable)
Mar 16 08:09:58 app-1 kernel: [    0.000000]  BIOS-e820: 00000000e0000000 - 00000000f0000000 (reserved)
Mar 16 08:09:58 app-1 kernel: [    0.000000]  BIOS-e820: 00000000fec00000 - 00000000fec10000 (reserved)
Mar 16 08:09:58 app-1 kernel: [    0.000000]  BIOS-e820: 00000000fee00000 - 00000000fee01000 (reserved)
Mar 16 08:09:58 app-1 kernel: [    0.000000]  BIOS-e820: 00000000fffe0000 - 0000000100000000 (reserved)
Mar 16 08:09:58 app-1 kernel: [    0.000000] Entering add_active_range(0, 0, 159) 0 entries of 3200 used
Mar 16 08:09:58 app-1 kernel: [    0.000000] Entering add_active_range(0, 256, 130800) 1 entries of 3200 used
Mar 16 08:09:58 app-1 kernel: [    0.000000] Entering add_active_range(0, 130816, 131072) 2 entries of 3200 used
Mar 16 08:09:58 app-1 kernel: [    0.000000] end_pfn_map = 1048576
Mar 16 08:09:58 app-1 kernel: [    0.000000] DMI present.
Mar 16 08:09:58 app-1 kernel: [    0.000000] ACPI: RSDP signature @ 0xFFFF8100000F6940 checksum 0
Mar 16 08:09:58 app-1 kernel: [    0.000000] ACPI: RSDP 000F6940, 0024 (r2 PTLTD )
Mar 16 08:09:58 app-1 kernel: [    0.000000] ACPI: XSDT 1FEF0885, 004C (r1 INTEL  440BX     6040000 VMW   1324272)
Mar 16 08:09:58 app-1 kernel: [    0.000000] ACPI: FACP 1FEFEE98, 00F4 (r4 INTEL  440BX     6040000 PTL     F4240)
Mar 16 08:09:58 app-1 kernel: [    0.000000] ACPI: DSDT 1FEF0A3D, E45B (r1 PTLTD  Custom    6040000 MSFT  3000001)
Mar 16 08:09:58 app-1 kernel: [    0.000000] ACPI: FACS 1FEFFFC0, 0040
Mar 16 08:09:58 app-1 kernel: [    0.000000] ACPI: BOOT 1FEF0A15, 0028 (r1 PTLTD  $SBFTBL$  6040000  LTP        1)
Mar 16 08:09:58 app-1 kernel: [    0.000000] ACPI: APIC 1FEF09C5, 0050 (r1 PTLTD  ^I APIC    6040000  LTP        0)
Mar 16 08:09:58 app-1 kernel: [    0.000000] ACPI: MCFG 1FEF0989, 003C (r1 PTLTD  $PCITBL$  6040000  LTP        1)
Mar 16 08:09:58 app-1 kernel: [    0.000000] ACPI: SRAT 1FEF0909, 0080 (r2 VMWARE MEMPLUG   6040000 VMW         1)
Mar 16 08:09:58 app-1 kernel: [    0.000000] SRAT: Node 0 PXM 0 0-a0000
Mar 16 08:09:58 app-1 kernel: [    0.000000] Entering add_active_range(0, 0, 159) 0 entries of 3200 used
Mar 16 08:09:58 app-1 kernel: [    0.000000] SRAT: Node 0 PXM 0 0-20000000
Mar 16 08:09:58 app-1 kernel: [    0.000000] Entering add_active_range(0, 0, 159) 1 entries of 3200 used
Mar 16 08:09:58 app-1 kernel: [    0.000000] Entering add_active_range(0, 256, 130800) 1 entries of 3200 used
Mar 16 08:09:58 app-1 kernel: [    0.000000] Entering add_active_range(0, 130816, 131072) 2 entries of 3200 used
Mar 16 08:09:58 app-1 kernel: [    0.000000] No NUMA configuration found
Mar 16 08:09:58 app-1 kernel: [    0.000000] Faking a node at 0000000000000000-0000000020000000
Mar 16 08:09:58 app-1 kernel: [    0.000000] Entering add_active_range(0, 0, 159) 3 entries of 3200 used
Mar 16 08:09:58 app-1 kernel: [    0.000000] Entering add_active_range(0, 256, 130800) 3 entries of 3200 used
Mar 16 08:09:58 app-1 kernel: [    0.000000] Entering add_active_range(0, 130816, 131072) 3 entries of 3200 used
Mar 16 08:09:58 app-1 kernel: [    0.000000] Bootmem setup node 0 0000000000000000-0000000020000000
Mar 16 08:09:58 app-1 kernel: [    0.000000] Zone PFN ranges:
Mar 16 08:09:58 app-1 kernel: [    0.000000]   DMA             0 ->     4096
Mar 16 08:09:58 app-1 kernel: [    0.000000]   DMA32        4096 ->  1048576
Mar 16 08:09:58 app-1 kernel: [    0.000000]   Normal    1048576 ->  1048576
Mar 16 08:09:58 app-1 kernel: [    0.000000] Movable zone start PFN for each node
Mar 16 08:09:58 app-1 kernel: [    0.000000] early_node_map[3] active PFN ranges
Mar 16 08:09:58 app-1 kernel: [    0.000000]     0:        0 ->      159
Mar 16 08:09:58 app-1 kernel: [    0.000000]     0:      256 ->   130800
Mar 16 08:09:58 app-1 kernel: [    0.000000]     0:   130816 ->   131072
Mar 16 08:09:58 app-1 kernel: [    0.000000] On node 0 totalpages: 130959
Mar 16 08:09:58 app-1 kernel: [    0.000000]   DMA zone: 56 pages used for memmap
Mar 16 08:09:58 app-1 kernel: [    0.000000]   DMA zone: 1324 pages reserved
Mar 16 08:09:58 app-1 kernel: [    0.000000]   DMA zone: 2619 pages, LIFO batch:0
Mar 16 08:09:58 app-1 kernel: [    0.000000]   DMA32 zone: 1736 pages used for memmap
Mar 16 08:09:58 app-1 kernel: [    0.000000]   DMA32 zone: 125224 pages, LIFO batch:31
Mar 16 08:09:58 app-1 kernel: [    0.000000]   Normal zone: 0 pages used for memmap
Mar 16 08:09:58 app-1 kernel: [    0.000000]   Movable zone: 0 pages used for memmap
Mar 16 08:09:58 app-1 kernel: [    0.000000] ACPI: PM-Timer IO Port: 0x1008
Mar 16 08:09:58 app-1 kernel: [    0.000000] ACPI: Local APIC address 0xfee00000
Mar 16 08:09:58 app-1 kernel: [    0.000000] ACPI: LAPIC (acpi_id[0x00] lapic_id[0x00] enabled)
Mar 16 08:09:58 app-1 kernel: [    0.000000] Processor #0 (Bootup-CPU)
Mar 16 08:09:58 app-1 kernel: [    0.000000] ACPI: LAPIC_NMI (acpi_id[0x00] high edge lint[0x1])
Mar 16 08:09:58 app-1 kernel: [    0.000000] ACPI: IOAPIC (id[0x01] address[0xfec00000] gsi_base[0])
Mar 16 08:09:58 app-1 kernel: [    0.000000] IOAPIC[0]: apic_id 1, address 0xfec00000, GSI 0-23
Mar 16 08:09:58 app-1 kernel: [    0.000000] ACPI: INT_SRC_OVR (bus 0 bus_irq 0 global_irq 2 high edge)
Mar 16 08:09:58 app-1 kernel: [    0.000000] ACPI: IRQ0 used by override.
Mar 16 08:09:58 app-1 kernel: [    0.000000] ACPI: IRQ2 used by override.
Mar 16 08:09:58 app-1 kernel: [    0.000000] ACPI: IRQ9 used by override.
Mar 16 08:09:58 app-1 kernel: [    0.000000] Setting APIC routing to flat
Mar 16 08:09:58 app-1 kernel: [    0.000000] Using ACPI (MADT) for SMP configuration information
Mar 16 08:09:58 app-1 kernel: [    0.000000] swsusp: Registered nosave memory region: 000000000009f000 - 00000000000a0000
Mar 16 08:09:58 app-1 kernel: [    0.000000] swsusp: Registered nosave memory region: 00000000000a0000 - 00000000000ca000
Mar 16 08:09:58 app-1 kernel: [    0.000000] swsusp: Registered nosave memory region: 00000000000ca000 - 00000000000cc000
Mar 16 08:09:58 app-1 kernel: [    0.000000] swsusp: Registered nosave memory region: 00000000000cc000 - 00000000000dc000
Mar 16 08:09:58 app-1 kernel: [    0.000000] swsusp: Registered nosave memory region: 00000000000dc000 - 00000000000e4000
Mar 16 08:09:58 app-1 kernel: [    0.000000] swsusp: Registered nosave memory region: 00000000000e4000 - 00000000000e8000
Mar 16 08:09:58 app-1 kernel: [    0.000000] swsusp: Registered nosave memory region: 00000000000e8000 - 0000000000100000
Mar 16 08:09:58 app-1 kernel: [    0.000000] swsusp: Registered nosave memory region: 000000001fef0000 - 000000001feff000
Mar 16 08:09:58 app-1 kernel: [    0.000000] swsusp: Registered nosave memory region: 000000001feff000 - 000000001ff00000
Mar 16 08:09:58 app-1 kernel: [    0.000000] Allocating PCI resources starting at 30000000 (gap: 20000000:c0000000)
Mar 16 08:09:58 app-1 kernel: [    0.000000] SMP: Allowing 1 CPUs, 0 hotplug CPUs
Mar 16 08:09:58 app-1 kernel: [    0.000000] PERCPU: Allocating 42080 bytes of per cpu data
Mar 16 08:09:58 app-1 kernel: [    0.000000] Built 1 zonelists in Node order, mobility grouping on.  Total pages: 127843
Mar 16 08:09:58 app-1 kernel: [    0.000000] Policy zone: DMA32
Mar 16 08:09:58 app-1 kernel: [    0.000000] Kernel command line: root=UUID=a691743a-a4b7-482d-95ff-406e5acd83a3 ro quiet splash
Mar 16 08:09:58 app-1 kernel: [    0.000000] Initializing CPU#0
Mar 16 08:09:58 app-1 kernel: [    0.000000] PID hash table entries: 2048 (order: 11, 16384 bytes)
Mar 16 08:09:58 app-1 kernel: [    0.000000] Extended CMOS year: 2000
Mar 16 08:09:58 app-1 kernel: [    4.776155] TSC: Frequency read from the hypervisor is 2521.669 MHz
Mar 16 08:09:58 app-1 kernel: [    4.776157] time.c: Detected 2521.669 MHz processor.
Mar 16 08:09:58 app-1 kernel: [    4.781118] Console: colour VGA+ 80x25
Mar 16 08:09:58 app-1 kernel: [    4.781126] console [tty0] enabled
Mar 16 08:09:58 app-1 kernel: [    4.781153] Checking aperture...
Mar 16 08:09:58 app-1 kernel: [    4.781253] Calgary: detecting Calgary via BIOS EBDA area
Mar 16 08:09:58 app-1 kernel: [    4.781254] Calgary: Unable to locate Rio Grande table in EBDA - bailing!
Mar 16 08:09:58 app-1 kernel: [    4.785302] Memory: 503904k/524288k available (2529k kernel code, 19932k reserved, 1330k data, 328k init)
Mar 16 08:09:58 app-1 kernel: [    4.785391] SLUB: Genslabs=12, HWalign=64, Order=0-1, MinObjects=4, CPUs=1, Nodes=1
Mar 16 08:09:58 app-1 kernel: [    4.785419] Calibrating delay loop (skipped), using tsc calculated value.. 5043.33 BogoMIPS (lpj=25216690)
Mar 16 08:09:58 app-1 kernel: [    4.785481] Security Framework initialized
Mar 16 08:09:58 app-1 kernel: [    4.785515] SELinux:  Disabled at boot.
Mar 16 08:09:58 app-1 kernel: [    4.785546] AppArmor: AppArmor initialized
Mar 16 08:09:58 app-1 kernel: [    4.785551] Failure registering capabilities with primary security module.
Mar 16 08:09:58 app-1 kernel: [    4.785715] Dentry cache hash table entries: 65536 (order: 7, 524288 bytes)
Mar 16 08:09:58 app-1 kernel: [    4.804143] Inode-cache hash table entries: 32768 (order: 6, 262144 bytes)
Mar 16 08:09:58 app-1 kernel: [    4.804310] Mount-cache hash table entries: 256
Mar 16 08:09:58 app-1 kernel: [    4.804574] Initializing cgroup subsys ns
Mar 16 08:09:58 app-1 kernel: [    4.804582] Initializing cgroup subsys cpuacct
Mar 16 08:09:58 app-1 kernel: [    4.804682] CPU: L1 I cache: 32K, L1 D cache: 32K
Mar 16 08:09:58 app-1 kernel: [    4.804684] CPU: L2 cache: 3072K
Mar 16 08:09:58 app-1 kernel: [    4.804703] CPU 0/0 -> Node 0
Mar 16 08:09:58 app-1 kernel: [    4.804790] SMP alternatives: switching to UP code
Mar 16 08:09:58 app-1 kernel: [    4.809539] Freeing SMP alternatives: 24k freed
Mar 16 08:09:58 app-1 kernel: [    4.809931] Early unpacking initramfs... done
Mar 16 08:09:58 app-1 kernel: [    5.122332] ACPI: Core revision 20070126
Mar 16 08:09:58 app-1 kernel: [    5.122604] ACPI: Looking for DSDT in initramfs... error, file /DSDT.aml not found.
Mar 16 08:09:58 app-1 kernel: [    5.231772] Using local APIC timer interrupts.
Mar 16 08:09:58 app-1 kernel: [    5.271478] APIC timer calibration result 4125529
Mar 16 08:09:58 app-1 kernel: [    5.271481] Detected 4.125 MHz APIC timer.
Mar 16 08:09:58 app-1 kernel: [    5.271715] Brought up 1 CPUs
Mar 16 08:09:58 app-1 kernel: [    5.271814] CPU0 attaching sched-domain:
Mar 16 08:09:58 app-1 kernel: [    5.271823]  domain 0: span 00000000,00000001
Mar 16 08:09:58 app-1 kernel: [    5.271824]   groups: 00000000,00000001
Mar 16 08:09:58 app-1 kernel: [    5.272287] net_namespace: 120 bytes
Mar 16 08:09:58 app-1 kernel: [    5.272914] Time: 15:09:44  Date: 03/16/10
Mar 16 08:09:58 app-1 kernel: [    5.272989] NET: Registered protocol family 16
Mar 16 08:09:58 app-1 kernel: [    5.273304] ACPI: bus type pci registered
Mar 16 08:09:58 app-1 kernel: [    5.273435] PCI: Using configuration type 1
Mar 16 08:09:58 app-1 kernel: [    5.276937] ACPI: EC: Look up EC in DSDT
Mar 16 08:09:58 app-1 kernel: [    5.326821] ACPI: BIOS _OSI(Linux) query ignored
Mar 16 08:09:58 app-1 kernel: [    5.326833] ACPI: DMI System Vendor: VMware, Inc.
Mar 16 08:09:58 app-1 kernel: [    5.326834] ACPI: DMI Product Name: VMware Virtual Platform
Mar 16 08:09:58 app-1 kernel: [    5.326835] ACPI: DMI Product Version: None
Mar 16 08:09:58 app-1 kernel: [    5.326836] ACPI: DMI Board Name: 440BX Desktop Reference Platform
Mar 16 08:09:58 app-1 kernel: [    5.326836] ACPI: DMI BIOS Vendor: Phoenix Technologies LTD
Mar 16 08:09:58 app-1 kernel: [    5.326837] ACPI: DMI BIOS Date: 09/18/2009
Mar 16 08:09:58 app-1 kernel: [    5.326838] ACPI: Please send DMI info above to linux-acpi@vger.kernel.org
Mar 16 08:09:58 app-1 kernel: [    5.326839] ACPI: If "acpi_osi=Linux" works better, please notify linux-acpi@vger.kernel.org
Mar 16 08:09:58 app-1 kernel: [    5.327482] ACPI: Interpreter enabled
Mar 16 08:09:58 app-1 kernel: [    5.327486] ACPI: (supports S0 S1 S4 S5)
Mar 16 08:09:58 app-1 kernel: [    5.327517] ACPI: Using IOAPIC for interrupt routing
Mar 16 08:09:58 app-1 kernel: [    5.390606] ACPI: PCI Root Bridge [PCI0] (0000:00)
Mar 16 08:09:58 app-1 kernel: [    5.393205] PCI quirk: region 1000-103f claimed by PIIX4 ACPI
Mar 16 08:09:58 app-1 kernel: [    5.393219] PCI quirk: region 1040-104f claimed by PIIX4 SMB
Mar 16 08:09:58 app-1 kernel: [    5.414958] PCI: Transparent bridge - 0000:00:11.0
Mar 16 08:09:58 app-1 kernel: [    5.435868] ACPI: PCI Interrupt Routing Table [\_SB_.PCI0._PRT]
Mar 16 08:09:58 app-1 kernel: [    5.715432] ACPI: PCI Interrupt Link [LNKA] (IRQs 3 4 5 6 7 *9 10 11 14 15)
Mar 16 08:09:58 app-1 kernel: [    5.715637] ACPI: PCI Interrupt Link [LNKB] (IRQs 3 4 5 6 7 9 10 *11 14 15)
Mar 16 08:09:58 app-1 kernel: [    5.715818] ACPI: PCI Interrupt Link [LNKC] (IRQs 3 4 5 6 7 9 *10 11 14 15)
Mar 16 08:09:58 app-1 kernel: [    5.715998] ACPI: PCI Interrupt Link [LNKD] (IRQs 3 4 *5 6 7 9 10 11 14 15)
Mar 16 08:09:58 app-1 kernel: [    5.716196] Linux Plug and Play Support v0.97 (c) Adam Belay
Mar 16 08:09:58 app-1 kernel: [    5.716227] pnp: PnP ACPI init
Mar 16 08:09:58 app-1 kernel: [    5.716239] ACPI: bus type pnp registered
Mar 16 08:09:58 app-1 kernel: [    5.788374] pnp: PnP ACPI: found 13 devices
Mar 16 08:09:58 app-1 kernel: [    5.788381] ACPI: ACPI bus type pnp unregistered
Mar 16 08:09:58 app-1 kernel: [    5.788803] PCI: Using ACPI for IRQ routing
Mar 16 08:09:58 app-1 kernel: [    5.788805] PCI: If a device doesn't work, try "pci=routeirq".  If it helps, post a report
Mar 16 08:09:58 app-1 kernel: [    5.821758] NET: Registered protocol family 8
Mar 16 08:09:58 app-1 kernel: [    5.821763] NET: Registered protocol family 20
Mar 16 08:09:58 app-1 kernel: [    5.821858] NetLabel: Initializing
Mar 16 08:09:58 app-1 kernel: [    5.821862] NetLabel:  domain hash size = 128
Mar 16 08:09:58 app-1 kernel: [    5.821862] NetLabel:  protocols = UNLABELED CIPSOv4
Mar 16 08:09:58 app-1 kernel: [    5.821880] NetLabel:  unlabeled traffic allowed by default
Mar 16 08:09:58 app-1 kernel: [    5.821912] PCI-GART: No AMD northbridge found.
Mar 16 08:09:58 app-1 kernel: [    5.822037] AppArmor: AppArmor Filesystem Enabled
Mar 16 08:09:58 app-1 kernel: [    5.831666] Time: tsc clocksource has been installed.
Mar 16 08:09:58 app-1 kernel: [    5.831727] Switched to high resolution mode on CPU 0
Mar 16 08:09:58 app-1 kernel: [    5.851906] system 00:01: ioport range 0x1000-0x103f has been reserved
Mar 16 08:09:58 app-1 kernel: [    5.851909] system 00:01: ioport range 0x1040-0x104f has been reserved
Mar 16 08:09:58 app-1 kernel: [    5.851911] system 00:01: ioport range 0xcf0-0xcf1 has been reserved
Mar 16 08:09:58 app-1 kernel: [    5.851920] system 00:0c: ioport range 0x1060-0x107f has been reserved
Mar 16 08:09:58 app-1 kernel: [    5.851930] system 00:0c: iomem range 0xe0000000-0xefffffff could not be reserved
Mar 16 08:09:58 app-1 kernel: [    5.851932] system 00:0c: iomem range 0xdbe00000-0xdbffffff has been reserved
Mar 16 08:09:58 app-1 kernel: [    5.853321] PCI: Bridge: 0000:00:01.0
Mar 16 08:09:58 app-1 kernel: [    5.853323]   IO window: disabled.
Mar 16 08:09:58 app-1 kernel: [    5.853363]   MEM window: disabled.
Mar 16 08:09:58 app-1 kernel: [    5.853390]   PREFETCH window: disabled.
Mar 16 08:09:58 app-1 kernel: [    5.853429] PCI: Bridge: 0000:00:11.0
Mar 16 08:09:58 app-1 kernel: [    5.853444]   IO window: 2000-3fff
Mar 16 08:09:58 app-1 kernel: [    5.853480]   MEM window: d8900000-d9cfffff
Mar 16 08:09:58 app-1 kernel: [    5.853504]   PREFETCH window: dc400000-dc9fffff
Mar 16 08:09:58 app-1 kernel: [    5.853541] PCI: Bridge: 0000:00:15.0
Mar 16 08:09:58 app-1 kernel: [    5.853554]   IO window: 4000-4fff
Mar 16 08:09:58 app-1 kernel: [    5.853590]   MEM window: d9d00000-d9dfffff
Mar 16 08:09:58 app-1 kernel: [    5.853615]   PREFETCH window: dca00000-dcafffff
Mar 16 08:09:58 app-1 kernel: [    5.853697] PCI: Bridge: 0000:00:15.1
Mar 16 08:09:58 app-1 kernel: [    5.853711]   IO window: 8000-8fff
Mar 16 08:09:58 app-1 kernel: [    5.853747]   MEM window: da100000-da1fffff
Mar 16 08:09:58 app-1 kernel: [    5.853772]   PREFETCH window: dce00000-dcefffff
Mar 16 08:09:58 app-1 kernel: [    5.853820] PCI: Bridge: 0000:00:15.2
Mar 16 08:09:58 app-1 kernel: [    5.853834]   IO window: c000-cfff
Mar 16 08:09:58 app-1 kernel: [    5.853870]   MEM window: da500000-da5fffff
Mar 16 08:09:58 app-1 kernel: [    5.853894]   PREFETCH window: dd200000-dd2fffff
Mar 16 08:09:58 app-1 kernel: [    5.853941] PCI: Bridge: 0000:00:15.3
Mar 16 08:09:58 app-1 kernel: [    5.853942]   IO window: disabled.
Mar 16 08:09:58 app-1 kernel: [    5.853979]   MEM window: da900000-da9fffff
Mar 16 08:09:58 app-1 kernel: [    5.854004]   PREFETCH window: dd600000-dd6fffff
Mar 16 08:09:58 app-1 kernel: [    5.854051] PCI: Bridge: 0000:00:15.4
Mar 16 08:09:58 app-1 kernel: [    5.854052]   IO window: disabled.
Mar 16 08:09:58 app-1 kernel: [    5.854088]   MEM window: dad00000-dadfffff
Mar 16 08:09:58 app-1 kernel: [    5.854113]   PREFETCH window: dda00000-ddafffff
Mar 16 08:09:58 app-1 kernel: [    5.854160] PCI: Bridge: 0000:00:15.5
Mar 16 08:09:58 app-1 kernel: [    5.854161]   IO window: disabled.
Mar 16 08:09:58 app-1 kernel: [    5.854197]   MEM window: db100000-db1fffff
Mar 16 08:09:58 app-1 kernel: [    5.854222]   PREFETCH window: dde00000-ddefffff
Mar 16 08:09:58 app-1 kernel: [    5.854269] PCI: Bridge: 0000:00:15.6
Mar 16 08:09:58 app-1 kernel: [    5.854270]   IO window: disabled.
Mar 16 08:09:58 app-1 kernel: [    5.854306]   MEM window: db500000-db5fffff
Mar 16 08:09:58 app-1 kernel: [    5.854331]   PREFETCH window: de200000-de2fffff
Mar 16 08:09:58 app-1 kernel: [    5.854378] PCI: Bridge: 0000:00:15.7
Mar 16 08:09:58 app-1 kernel: [    5.854379]   IO window: disabled.
Mar 16 08:09:58 app-1 kernel: [    5.854415]   MEM window: db900000-db9fffff
Mar 16 08:09:58 app-1 kernel: [    5.854457]   PREFETCH window: de600000-de6fffff
Mar 16 08:09:58 app-1 kernel: [    5.854506] PCI: Bridge: 0000:00:16.0
Mar 16 08:09:58 app-1 kernel: [    5.854520]   IO window: 5000-5fff
Mar 16 08:09:58 app-1 kernel: [    5.854557]   MEM window: d9e00000-d9efffff
Mar 16 08:09:58 app-1 kernel: [    5.854585]   PREFETCH window: dcb00000-dcbfffff
Mar 16 08:09:58 app-1 kernel: [    5.854632] PCI: Bridge: 0000:00:16.1
Mar 16 08:09:58 app-1 kernel: [    5.854646]   IO window: 9000-9fff
Mar 16 08:09:58 app-1 kernel: [    5.854682]   MEM window: da200000-da2fffff
Mar 16 08:09:58 app-1 kernel: [    5.854707]   PREFETCH window: dcf00000-dcffffff
Mar 16 08:09:58 app-1 kernel: [    5.854754] PCI: Bridge: 0000:00:16.2
Mar 16 08:09:58 app-1 kernel: [    5.854767]   IO window: d000-dfff
Mar 16 08:09:58 app-1 kernel: [    5.854824]   MEM window: da600000-da6fffff
Mar 16 08:09:58 app-1 kernel: [    5.854849]   PREFETCH window: dd300000-dd3fffff
Mar 16 08:09:58 app-1 kernel: [    5.854897] PCI: Bridge: 0000:00:16.3
Mar 16 08:09:58 app-1 kernel: [    5.854898]   IO window: disabled.
Mar 16 08:09:58 app-1 kernel: [    5.854934]   MEM window: daa00000-daafffff
Mar 16 08:09:58 app-1 kernel: [    5.854959]   PREFETCH window: dd700000-dd7fffff
Mar 16 08:09:58 app-1 kernel: [    5.855006] PCI: Bridge: 0000:00:16.4
Mar 16 08:09:58 app-1 kernel: [    5.855006]   IO window: disabled.
Mar 16 08:09:58 app-1 kernel: [    5.855043]   MEM window: dae00000-daefffff
Mar 16 08:09:58 app-1 kernel: [    5.855068]   PREFETCH window: ddb00000-ddbfffff
Mar 16 08:09:58 app-1 kernel: [    5.855115] PCI: Bridge: 0000:00:16.5
Mar 16 08:09:58 app-1 kernel: [    5.855115]   IO window: disabled.
Mar 16 08:09:58 app-1 kernel: [    5.855152]   MEM window: db200000-db2fffff
Mar 16 08:09:58 app-1 kernel: [    5.855179]   PREFETCH window: ddf00000-ddffffff
Mar 16 08:09:58 app-1 kernel: [    5.855228] PCI: Bridge: 0000:00:16.6
Mar 16 08:09:58 app-1 kernel: [    5.855229]   IO window: disabled.
Mar 16 08:09:58 app-1 kernel: [    5.855266]   MEM window: db600000-db6fffff
Mar 16 08:09:58 app-1 kernel: [    5.855290]   PREFETCH window: de300000-de3fffff
Mar 16 08:09:58 app-1 kernel: [    5.855338] PCI: Bridge: 0000:00:16.7
Mar 16 08:09:58 app-1 kernel: [    5.855339]   IO window: disabled.
Mar 16 08:09:58 app-1 kernel: [    5.855382]   MEM window: dba00000-dbafffff
Mar 16 08:09:58 app-1 kernel: [    5.855407]   PREFETCH window: de700000-de7fffff
Mar 16 08:09:58 app-1 kernel: [    5.855459] PCI: Bridge: 0000:00:17.0
Mar 16 08:09:58 app-1 kernel: [    5.855473]   IO window: 6000-6fff
Mar 16 08:09:58 app-1 kernel: [    5.855509]   MEM window: d9f00000-d9ffffff
Mar 16 08:09:58 app-1 kernel: [    5.855534]   PREFETCH window: dcc00000-dccfffff
Mar 16 08:09:58 app-1 kernel: [    5.855580] PCI: Bridge: 0000:00:17.1
Mar 16 08:09:58 app-1 kernel: [    5.855594]   IO window: a000-afff
Mar 16 08:09:58 app-1 kernel: [    5.855630]   MEM window: da300000-da3fffff
Mar 16 08:09:58 app-1 kernel: [    5.855655]   PREFETCH window: dd000000-dd0fffff
Mar 16 08:09:58 app-1 kernel: [    5.855702] PCI: Bridge: 0000:00:17.2
Mar 16 08:09:58 app-1 kernel: [    5.855716]   IO window: e000-efff
Mar 16 08:09:58 app-1 kernel: [    5.855752]   MEM window: da700000-da7fffff
Mar 16 08:09:58 app-1 kernel: [    5.855776]   PREFETCH window: dd400000-dd4fffff
Mar 16 08:09:58 app-1 kernel: [    5.855823] PCI: Bridge: 0000:00:17.3
Mar 16 08:09:58 app-1 kernel: [    5.855824]   IO window: disabled.
Mar 16 08:09:58 app-1 kernel: [    5.855860]   MEM window: dab00000-dabfffff
Mar 16 08:09:58 app-1 kernel: [    5.855885]   PREFETCH window: dd800000-dd8fffff
Mar 16 08:09:58 app-1 kernel: [    5.855932] PCI: Bridge: 0000:00:17.4
Mar 16 08:09:58 app-1 kernel: [    5.855933]   IO window: disabled.
Mar 16 08:09:58 app-1 kernel: [    5.855969]   MEM window: daf00000-daffffff
Mar 16 08:09:58 app-1 kernel: [    5.855994]   PREFETCH window: ddc00000-ddcfffff
Mar 16 08:09:58 app-1 kernel: [    5.856041] PCI: Bridge: 0000:00:17.5
Mar 16 08:09:58 app-1 kernel: [    5.856042]   IO window: disabled.
Mar 16 08:09:58 app-1 kernel: [    5.856080]   MEM window: db300000-db3fffff
Mar 16 08:09:58 app-1 kernel: [    5.856105]   PREFETCH window: de000000-de0fffff
Mar 16 08:09:58 app-1 kernel: [    5.856152] PCI: Bridge: 0000:00:17.6
Mar 16 08:09:58 app-1 kernel: [    5.856153]   IO window: disabled.
Mar 16 08:09:58 app-1 kernel: [    5.856190]   MEM window: db700000-db7fffff
Mar 16 08:09:58 app-1 kernel: [    5.856214]   PREFETCH window: de400000-de4fffff
Mar 16 08:09:58 app-1 kernel: [    5.856261] PCI: Bridge: 0000:00:17.7
Mar 16 08:09:58 app-1 kernel: [    5.856262]   IO window: disabled.
Mar 16 08:09:58 app-1 kernel: [    5.856299]   MEM window: dbb00000-dbbfffff
Mar 16 08:09:58 app-1 kernel: [    5.856323]   PREFETCH window: de800000-de8fffff
Mar 16 08:09:58 app-1 kernel: [    5.856370] PCI: Bridge: 0000:00:18.0
Mar 16 08:09:58 app-1 kernel: [    5.856384]   IO window: 7000-7fff
Mar 16 08:09:58 app-1 kernel: [    5.856420]   MEM window: da000000-da0fffff
Mar 16 08:09:58 app-1 kernel: [    5.856445]   PREFETCH window: dcd00000-dcdfffff
Mar 16 08:09:58 app-1 kernel: [    5.856521] PCI: Bridge: 0000:00:18.1
Mar 16 08:09:58 app-1 kernel: [    5.856535]   IO window: b000-bfff
Mar 16 08:09:58 app-1 kernel: [    5.856571]   MEM window: da400000-da4fffff
Mar 16 08:09:58 app-1 kernel: [    5.856596]   PREFETCH window: dd100000-dd1fffff
Mar 16 08:09:58 app-1 kernel: [    5.856644] PCI: Bridge: 0000:00:18.2
Mar 16 08:09:58 app-1 kernel: [    5.856659]   IO window: f000-ffff
Mar 16 08:09:58 app-1 kernel: [    5.856696]   MEM window: da800000-da8fffff
Mar 16 08:09:58 app-1 kernel: [    5.856721]   PREFETCH window: dd500000-dd5fffff
Mar 16 08:09:58 app-1 kernel: [    5.856768] PCI: Bridge: 0000:00:18.3
Mar 16 08:09:58 app-1 kernel: [    5.856769]   IO window: disabled.
Mar 16 08:09:58 app-1 kernel: [    5.856805]   MEM window: dac00000-dacfffff
Mar 16 08:09:58 app-1 kernel: [    5.856830]   PREFETCH window: dd900000-dd9fffff
Mar 16 08:09:58 app-1 kernel: [    5.856877] PCI: Bridge: 0000:00:18.4
Mar 16 08:09:58 app-1 kernel: [    5.856878]   IO window: disabled.
Mar 16 08:09:58 app-1 kernel: [    5.856914]   MEM window: db000000-db0fffff
Mar 16 08:09:58 app-1 kernel: [    5.856939]   PREFETCH window: ddd00000-dddfffff
Mar 16 08:09:58 app-1 kernel: [    5.856985] PCI: Bridge: 0000:00:18.5
Mar 16 08:09:58 app-1 kernel: [    5.856986]   IO window: disabled.
Mar 16 08:09:58 app-1 kernel: [    5.857023]   MEM window: db400000-db4fffff
Mar 16 08:09:58 app-1 kernel: [    5.857047]   PREFETCH window: de100000-de1fffff
Mar 16 08:09:58 app-1 kernel: [    5.857094] PCI: Bridge: 0000:00:18.6
Mar 16 08:09:58 app-1 kernel: [    5.857099]   IO window: disabled.
Mar 16 08:09:58 app-1 kernel: [    5.857136]   MEM window: db800000-db8fffff
Mar 16 08:09:58 app-1 kernel: [    5.857161]   PREFETCH window: de500000-de5fffff
Mar 16 08:09:58 app-1 kernel: [    5.857208] PCI: Bridge: 0000:00:18.7
Mar 16 08:09:58 app-1 kernel: [    5.857209]   IO window: disabled.
Mar 16 08:09:58 app-1 kernel: [    5.857245]   MEM window: dbc00000-dbcfffff
Mar 16 08:09:58 app-1 kernel: [    5.857270]   PREFETCH window: de900000-de9fffff
Mar 16 08:09:58 app-1 kernel: [    5.857381] PCI: Setting latency timer of device 0000:00:01.0 to 64
Mar 16 08:09:58 app-1 kernel: [    5.857609] PCI: Setting latency timer of device 0000:00:15.0 to 64
Mar 16 08:09:58 app-1 kernel: [    5.857749] PCI: Setting latency timer of device 0000:00:15.1 to 64
Mar 16 08:09:58 app-1 kernel: [    5.857893] PCI: Setting latency timer of device 0000:00:15.2 to 64
Mar 16 08:09:58 app-1 kernel: [    5.858034] PCI: Setting latency timer of device 0000:00:15.3 to 64
Mar 16 08:09:58 app-1 kernel: [    5.858173] PCI: Setting latency timer of device 0000:00:15.4 to 64
Mar 16 08:09:58 app-1 kernel: [    5.858313] PCI: Setting latency timer of device 0000:00:15.5 to 64
Mar 16 08:09:58 app-1 kernel: [    5.858453] PCI: Setting latency timer of device 0000:00:15.6 to 64
Mar 16 08:09:58 app-1 kernel: [    5.858593] PCI: Setting latency timer of device 0000:00:15.7 to 64
Mar 16 08:09:58 app-1 kernel: [    5.858733] PCI: Setting latency timer of device 0000:00:16.0 to 64
Mar 16 08:09:58 app-1 kernel: [    5.858872] PCI: Setting latency timer of device 0000:00:16.1 to 64
Mar 16 08:09:58 app-1 kernel: [    5.859012] PCI: Setting latency timer of device 0000:00:16.2 to 64
Mar 16 08:09:58 app-1 kernel: [    5.859152] PCI: Setting latency timer of device 0000:00:16.3 to 64
Mar 16 08:09:58 app-1 kernel: [    5.859291] PCI: Setting latency timer of device 0000:00:16.4 to 64
Mar 16 08:09:58 app-1 kernel: [    5.859433] PCI: Setting latency timer of device 0000:00:16.5 to 64
Mar 16 08:09:58 app-1 kernel: [    5.859572] PCI: Setting latency timer of device 0000:00:16.6 to 64
Mar 16 08:09:58 app-1 kernel: [    5.859721] PCI: Setting latency timer of device 0000:00:16.7 to 64
Mar 16 08:09:58 app-1 kernel: [    5.859860] PCI: Setting latency timer of device 0000:00:17.0 to 64
Mar 16 08:09:58 app-1 kernel: [    5.859999] PCI: Setting latency timer of device 0000:00:17.1 to 64
Mar 16 08:09:58 app-1 kernel: [    5.860139] PCI: Setting latency timer of device 0000:00:17.2 to 64
Mar 16 08:09:58 app-1 kernel: [    5.860285] PCI: Setting latency timer of device 0000:00:17.3 to 64
Mar 16 08:09:58 app-1 kernel: [    5.860428] PCI: Setting latency timer of device 0000:00:17.4 to 64
Mar 16 08:09:58 app-1 kernel: [    5.860568] PCI: Setting latency timer of device 0000:00:17.5 to 64
Mar 16 08:09:58 app-1 kernel: [    5.860707] PCI: Setting latency timer of device 0000:00:17.6 to 64
Mar 16 08:09:58 app-1 kernel: [    5.860847] PCI: Setting latency timer of device 0000:00:17.7 to 64
Mar 16 08:09:58 app-1 kernel: [    5.860987] PCI: Setting latency timer of device 0000:00:18.0 to 64
Mar 16 08:09:58 app-1 kernel: [    5.861127] PCI: Setting latency timer of device 0000:00:18.1 to 64
Mar 16 08:09:58 app-1 kernel: [    5.861266] PCI: Setting latency timer of device 0000:00:18.2 to 64
Mar 16 08:09:58 app-1 kernel: [    5.861413] PCI: Setting latency timer of device 0000:00:18.3 to 64
Mar 16 08:09:58 app-1 kernel: [    5.861554] PCI: Setting latency timer of device 0000:00:18.4 to 64
Mar 16 08:09:58 app-1 kernel: [    5.861718] PCI: Setting latency timer of device 0000:00:18.5 to 64
Mar 16 08:09:58 app-1 kernel: [    5.861858] PCI: Setting latency timer of device 0000:00:18.6 to 64
Mar 16 08:09:58 app-1 kernel: [    5.861996] PCI: Setting latency timer of device 0000:00:18.7 to 64
Mar 16 08:09:58 app-1 kernel: [    5.862029] NET: Registered protocol family 2
Mar 16 08:09:58 app-1 kernel: [    5.962380] IP route cache hash table entries: 16384 (order: 5, 131072 bytes)
Mar 16 08:09:58 app-1 kernel: [    5.963170] TCP established hash table entries: 65536 (order: 8, 1048576 bytes)
Mar 16 08:09:58 app-1 kernel: [    5.964040] TCP bind hash table entries: 65536 (order: 8, 1048576 bytes)
Mar 16 08:09:58 app-1 kernel: [    5.964626] TCP: Hash tables configured (established 65536 bind 65536)
Mar 16 08:09:58 app-1 kernel: [    5.964631] TCP reno registered
Mar 16 08:09:58 app-1 kernel: [    5.992075] checking if image is initramfs... it is
Mar 16 08:09:58 app-1 kernel: [    6.589027] Freeing initrd memory: 7347k freed
Mar 16 08:09:58 app-1 kernel: [    6.592630] Simple Boot Flag at 0x36 set to 0x80
Mar 16 08:09:58 app-1 kernel: [    6.594061] audit: initializing netlink socket (disabled)
Mar 16 08:09:58 app-1 kernel: [    6.594083] audit(1268752185.780:1): initialized
Mar 16 08:09:58 app-1 kernel: [    6.594884] Total HugeTLB memory allocated, 0
Mar 16 08:09:58 app-1 kernel: [    6.596593] VFS: Disk quotas dquot_6.5.1
Mar 16 08:09:58 app-1 kernel: [    6.596645] Dquot-cache hash table entries: 512 (order 0, 4096 bytes)
Mar 16 08:09:58 app-1 kernel: [    6.596841] io scheduler noop registered
Mar 16 08:09:58 app-1 kernel: [    6.596842] io scheduler anticipatory registered
Mar 16 08:09:58 app-1 kernel: [    6.596843] io scheduler deadline registered (default)
Mar 16 08:09:58 app-1 kernel: [    6.596908] io scheduler cfq registered
Mar 16 08:09:58 app-1 kernel: [    6.596913] Limiting direct PCI/PCI transfers.
Mar 16 08:09:58 app-1 kernel: [    6.596944] Boot video device is 0000:00:0f.0
Mar 16 08:09:58 app-1 kernel: [    6.597641] PCI: Setting latency timer of device 0000:00:15.0 to 64
Mar 16 08:09:58 app-1 kernel: [    6.598197] assign_interrupt_mode Found MSI capability
Mar 16 08:09:58 app-1 kernel: [    6.598761] Allocate Port Service[0000:00:15.0:pcie00]
Mar 16 08:09:58 app-1 kernel: [    6.598791] Allocate Port Service[0000:00:15.0:pcie02]
Mar 16 08:09:58 app-1 kernel: [    6.599482] PCI: Setting latency timer of device 0000:00:15.1 to 64
Mar 16 08:09:58 app-1 kernel: [    6.600062] assign_interrupt_mode Found MSI capability
Mar 16 08:09:58 app-1 kernel: [    6.600601] Allocate Port Service[0000:00:15.1:pcie00]
Mar 16 08:09:58 app-1 kernel: [    6.600627] Allocate Port Service[0000:00:15.1:pcie02]
Mar 16 08:09:58 app-1 kernel: [    6.601291] PCI: Setting latency timer of device 0000:00:15.2 to 64
Mar 16 08:09:58 app-1 kernel: [    6.601883] assign_interrupt_mode Found MSI capability
Mar 16 08:09:58 app-1 kernel: [    6.602427] Allocate Port Service[0000:00:15.2:pcie00]
Mar 16 08:09:58 app-1 kernel: [    6.602452] Allocate Port Service[0000:00:15.2:pcie02]
Mar 16 08:09:58 app-1 kernel: [    6.603117] PCI: Setting latency timer of device 0000:00:15.3 to 64
Mar 16 08:09:58 app-1 kernel: [    6.603670] assign_interrupt_mode Found MSI capability
Mar 16 08:09:58 app-1 kernel: [    6.604219] Allocate Port Service[0000:00:15.3:pcie00]
Mar 16 08:09:58 app-1 kernel: [    6.604243] Allocate Port Service[0000:00:15.3:pcie02]
Mar 16 08:09:58 app-1 kernel: [    6.604918] PCI: Setting latency timer of device 0000:00:15.4 to 64
Mar 16 08:09:58 app-1 kernel: [    6.605472] assign_interrupt_mode Found MSI capability
Mar 16 08:09:58 app-1 kernel: [    6.606038] Allocate Port Service[0000:00:15.4:pcie00]
Mar 16 08:09:58 app-1 kernel: [    6.606075] Allocate Port Service[0000:00:15.4:pcie02]
Mar 16 08:09:58 app-1 kernel: [    6.606779] PCI: Setting latency timer of device 0000:00:15.5 to 64
Mar 16 08:09:58 app-1 kernel: [    6.607332] assign_interrupt_mode Found MSI capability
Mar 16 08:09:58 app-1 kernel: [    6.607881] Allocate Port Service[0000:00:15.5:pcie00]
Mar 16 08:09:58 app-1 kernel: [    6.607911] Allocate Port Service[0000:00:15.5:pcie02]
Mar 16 08:09:58 app-1 kernel: [    6.608571] PCI: Setting latency timer of device 0000:00:15.6 to 64
Mar 16 08:09:58 app-1 kernel: [    6.609130] assign_interrupt_mode Found MSI capability
Mar 16 08:09:58 app-1 kernel: [    6.609697] Allocate Port Service[0000:00:15.6:pcie00]
Mar 16 08:09:58 app-1 kernel: [    6.609729] Allocate Port Service[0000:00:15.6:pcie02]
Mar 16 08:09:58 app-1 kernel: [    6.610445] PCI: Setting latency timer of device 0000:00:15.7 to 64
Mar 16 08:09:58 app-1 kernel: [    6.611029] assign_interrupt_mode Found MSI capability
Mar 16 08:09:58 app-1 kernel: [    6.611620] Allocate Port Service[0000:00:15.7:pcie00]
Mar 16 08:09:58 app-1 kernel: [    6.611666] Allocate Port Service[0000:00:15.7:pcie02]
Mar 16 08:09:58 app-1 kernel: [    6.612362] PCI: Setting latency timer of device 0000:00:16.0 to 64
Mar 16 08:09:58 app-1 kernel: [    6.612915] assign_interrupt_mode Found MSI capability
Mar 16 08:09:58 app-1 kernel: [    6.613465] Allocate Port Service[0000:00:16.0:pcie00]
Mar 16 08:09:58 app-1 kernel: [    6.613489] Allocate Port Service[0000:00:16.0:pcie02]
Mar 16 08:09:58 app-1 kernel: [    6.614150] PCI: Setting latency timer of device 0000:00:16.1 to 64
Mar 16 08:09:58 app-1 kernel: [    6.614714] assign_interrupt_mode Found MSI capability
Mar 16 08:09:58 app-1 kernel: [    6.615254] Allocate Port Service[0000:00:16.1:pcie00]
Mar 16 08:09:58 app-1 kernel: [    6.615281] Allocate Port Service[0000:00:16.1:pcie02]
Mar 16 08:09:58 app-1 kernel: [    6.615963] PCI: Setting latency timer of device 0000:00:16.2 to 64
Mar 16 08:09:58 app-1 kernel: [    6.616522] assign_interrupt_mode Found MSI capability
Mar 16 08:09:58 app-1 kernel: [    6.617071] Allocate Port Service[0000:00:16.2:pcie00]
Mar 16 08:09:58 app-1 kernel: [    6.617095] Allocate Port Service[0000:00:16.2:pcie02]
Mar 16 08:09:58 app-1 kernel: [    6.617763] PCI: Setting latency timer of device 0000:00:16.3 to 64
Mar 16 08:09:58 app-1 kernel: [    6.618320] assign_interrupt_mode Found MSI capability
Mar 16 08:09:58 app-1 kernel: [    6.618863] Allocate Port Service[0000:00:16.3:pcie00]
Mar 16 08:09:58 app-1 kernel: [    6.618887] Allocate Port Service[0000:00:16.3:pcie02]
Mar 16 08:09:58 app-1 kernel: [    6.619591] PCI: Setting latency timer of device 0000:00:16.4 to 64
Mar 16 08:09:58 app-1 kernel: [    6.620156] assign_interrupt_mode Found MSI capability
Mar 16 08:09:58 app-1 kernel: [    6.620708] Allocate Port Service[0000:00:16.4:pcie00]
Mar 16 08:09:58 app-1 kernel: [    6.620742] Allocate Port Service[0000:00:16.4:pcie02]
Mar 16 08:09:58 app-1 kernel: [    6.621432] PCI: Setting latency timer of device 0000:00:16.5 to 64
Mar 16 08:09:58 app-1 kernel: [    6.622005] assign_interrupt_mode Found MSI capability
Mar 16 08:09:58 app-1 kernel: [    6.622577] Allocate Port Service[0000:00:16.5:pcie00]
Mar 16 08:09:58 app-1 kernel: [    6.622614] Allocate Port Service[0000:00:16.5:pcie02]
Mar 16 08:09:58 app-1 kernel: [    6.623296] PCI: Setting latency timer of device 0000:00:16.6 to 64
Mar 16 08:09:58 app-1 kernel: [    6.623850] assign_interrupt_mode Found MSI capability
Mar 16 08:09:58 app-1 kernel: [    6.624408] Allocate Port Service[0000:00:16.6:pcie00]
Mar 16 08:09:58 app-1 kernel: [    6.624435] Allocate Port Service[0000:00:16.6:pcie02]
Mar 16 08:09:58 app-1 kernel: [    6.625101] PCI: Setting latency timer of device 0000:00:16.7 to 64
Mar 16 08:09:58 app-1 kernel: [    6.625674] assign_interrupt_mode Found MSI capability
Mar 16 08:09:58 app-1 kernel: [    6.626221] Allocate Port Service[0000:00:16.7:pcie00]
Mar 16 08:09:58 app-1 kernel: [    6.626259] Allocate Port Service[0000:00:16.7:pcie02]
Mar 16 08:09:58 app-1 kernel: [    6.626938] PCI: Setting latency timer of device 0000:00:17.0 to 64
Mar 16 08:09:58 app-1 kernel: [    6.627532] assign_interrupt_mode Found MSI capability
Mar 16 08:09:58 app-1 kernel: [    6.628078] Allocate Port Service[0000:00:17.0:pcie00]
Mar 16 08:09:58 app-1 kernel: [    6.628117] Allocate Port Service[0000:00:17.0:pcie02]
Mar 16 08:09:58 app-1 kernel: [    6.628783] PCI: Setting latency timer of device 0000:00:17.1 to 64
Mar 16 08:09:58 app-1 kernel: [    6.629414] assign_interrupt_mode Found MSI capability
Mar 16 08:09:58 app-1 kernel: [    6.629988] Allocate Port Service[0000:00:17.1:pcie00]
Mar 16 08:09:58 app-1 kernel: [    6.630027] Allocate Port Service[0000:00:17.1:pcie02]
Mar 16 08:09:58 app-1 kernel: [    6.630687] PCI: Setting latency timer of device 0000:00:17.2 to 64
Mar 16 08:09:58 app-1 kernel: [    6.631243] assign_interrupt_mode Found MSI capability
Mar 16 08:09:58 app-1 kernel: [    6.631842] Allocate Port Service[0000:00:17.2:pcie00]
Mar 16 08:09:58 app-1 kernel: [    6.632049] Allocate Port Service[0000:00:17.2:pcie02]
Mar 16 08:09:58 app-1 kernel: [    6.632712] PCI: Setting latency timer of device 0000:00:17.3 to 64
Mar 16 08:09:58 app-1 kernel: [    6.633261] assign_interrupt_mode Found MSI capability
Mar 16 08:09:58 app-1 kernel: [    6.633796] Allocate Port Service[0000:00:17.3:pcie00]
Mar 16 08:09:58 app-1 kernel: [    6.633820] Allocate Port Service[0000:00:17.3:pcie02]
Mar 16 08:09:58 app-1 kernel: [    6.634475] PCI: Setting latency timer of device 0000:00:17.4 to 64
Mar 16 08:09:58 app-1 kernel: [    6.635031] assign_interrupt_mode Found MSI capability
Mar 16 08:09:58 app-1 kernel: [    6.635565] Allocate Port Service[0000:00:17.4:pcie00]
Mar 16 08:09:58 app-1 kernel: [    6.635590] Allocate Port Service[0000:00:17.4:pcie02]
Mar 16 08:09:58 app-1 kernel: [    6.636248] PCI: Setting latency timer of device 0000:00:17.5 to 64
Mar 16 08:09:58 app-1 kernel: [    6.636797] assign_interrupt_mode Found MSI capability
Mar 16 08:09:58 app-1 kernel: [    6.637330] Allocate Port Service[0000:00:17.5:pcie00]
Mar 16 08:09:58 app-1 kernel: [    6.637354] Allocate Port Service[0000:00:17.5:pcie02]
Mar 16 08:09:58 app-1 kernel: [    6.638006] PCI: Setting latency timer of device 0000:00:17.6 to 64
Mar 16 08:09:58 app-1 kernel: [    6.638554] assign_interrupt_mode Found MSI capability
Mar 16 08:09:58 app-1 kernel: [    6.639123] Allocate Port Service[0000:00:17.6:pcie00]
Mar 16 08:09:58 app-1 kernel: [    6.639157] Allocate Port Service[0000:00:17.6:pcie02]
Mar 16 08:09:58 app-1 kernel: [    6.639838] PCI: Setting latency timer of device 0000:00:17.7 to 64
Mar 16 08:09:58 app-1 kernel: [    6.640547] assign_interrupt_mode Found MSI capability
Mar 16 08:09:58 app-1 kernel: [    6.641084] Allocate Port Service[0000:00:17.7:pcie00]
Mar 16 08:09:58 app-1 kernel: [    6.641121] Allocate Port Service[0000:00:17.7:pcie02]
Mar 16 08:09:58 app-1 kernel: [    6.641808] PCI: Setting latency timer of device 0000:00:18.0 to 64
Mar 16 08:09:58 app-1 kernel: [    6.642358] assign_interrupt_mode Found MSI capability
Mar 16 08:09:58 app-1 kernel: [    6.642903] Allocate Port Service[0000:00:18.0:pcie00]
Mar 16 08:09:58 app-1 kernel: [    6.642930] Allocate Port Service[0000:00:18.0:pcie02]
Mar 16 08:09:58 app-1 kernel: [    6.643587] PCI: Setting latency timer of device 0000:00:18.1 to 64
Mar 16 08:09:58 app-1 kernel: [    6.644170] assign_interrupt_mode Found MSI capability
Mar 16 08:09:58 app-1 kernel: [    6.644702] Allocate Port Service[0000:00:18.1:pcie00]
Mar 16 08:09:58 app-1 kernel: [    6.644733] Allocate Port Service[0000:00:18.1:pcie02]
Mar 16 08:09:58 app-1 kernel: [    6.645392] PCI: Setting latency timer of device 0000:00:18.2 to 64
Mar 16 08:09:58 app-1 kernel: [    6.645949] assign_interrupt_mode Found MSI capability
Mar 16 08:09:58 app-1 kernel: [    6.646483] Allocate Port Service[0000:00:18.2:pcie00]
Mar 16 08:09:58 app-1 kernel: [    6.646518] Allocate Port Service[0000:00:18.2:pcie02]
Mar 16 08:09:58 app-1 kernel: [    6.647185] PCI: Setting latency timer of device 0000:00:18.3 to 64
Mar 16 08:09:58 app-1 kernel: [    6.647733] assign_interrupt_mode Found MSI capability
Mar 16 08:09:58 app-1 kernel: [    6.648266] Allocate Port Service[0000:00:18.3:pcie00]
Mar 16 08:09:58 app-1 kernel: [    6.648290] Allocate Port Service[0000:00:18.3:pcie02]
Mar 16 08:09:58 app-1 kernel: [    6.648946] PCI: Setting latency timer of device 0000:00:18.4 to 64
Mar 16 08:09:58 app-1 kernel: [    6.649493] assign_interrupt_mode Found MSI capability
Mar 16 08:09:58 app-1 kernel: [    6.650045] Allocate Port Service[0000:00:18.4:pcie00]
Mar 16 08:09:58 app-1 kernel: [    6.650071] Allocate Port Service[0000:00:18.4:pcie02]
Mar 16 08:09:58 app-1 kernel: [    6.650756] PCI: Setting latency timer of device 0000:00:18.5 to 64
Mar 16 08:09:58 app-1 kernel: [    6.651304] assign_interrupt_mode Found MSI capability
Mar 16 08:09:58 app-1 kernel: [    6.651871] Allocate Port Service[0000:00:18.5:pcie00]
Mar 16 08:09:58 app-1 kernel: [    6.651900] Allocate Port Service[0000:00:18.5:pcie02]
Mar 16 08:09:58 app-1 kernel: [    6.652557] PCI: Setting latency timer of device 0000:00:18.6 to 64
Mar 16 08:09:58 app-1 kernel: [    6.653108] assign_interrupt_mode Found MSI capability
Mar 16 08:09:58 app-1 kernel: [    6.653643] Allocate Port Service[0000:00:18.6:pcie00]
Mar 16 08:09:58 app-1 kernel: [    6.653669] Allocate Port Service[0000:00:18.6:pcie02]
Mar 16 08:09:58 app-1 kernel: [    6.654328] PCI: Setting latency timer of device 0000:00:18.7 to 64
Mar 16 08:09:58 app-1 kernel: [    6.654877] assign_interrupt_mode Found MSI capability
Mar 16 08:09:58 app-1 kernel: [    6.655408] Allocate Port Service[0000:00:18.7:pcie00]
Mar 16 08:09:58 app-1 kernel: [    6.655434] Allocate Port Service[0000:00:18.7:pcie02]
Mar 16 08:09:58 app-1 kernel: [    6.682653] Real Time Clock Driver v1.12ac
Mar 16 08:09:58 app-1 kernel: [    6.683267] Linux agpgart interface v0.102
Mar 16 08:09:58 app-1 kernel: [    6.683275] Serial: 8250/16550 driver $Revision: 1.90 $ 4 ports, IRQ sharing enabled
Mar 16 08:09:58 app-1 kernel: [    6.683928] serial8250: ttyS0 at I/O 0x3f8 (irq = 4) is a 16550A
Mar 16 08:09:58 app-1 kernel: [    6.684491] serial8250: ttyS1 at I/O 0x2f8 (irq = 3) is a 16550A
Mar 16 08:09:58 app-1 kernel: [    6.685338] 00:09: ttyS0 at I/O 0x3f8 (irq = 4) is a 16550A
Mar 16 08:09:58 app-1 kernel: [    6.685919] 00:0a: ttyS1 at I/O 0x2f8 (irq = 3) is a 16550A
Mar 16 08:09:58 app-1 kernel: [    6.686416] RAMDISK driver initialized: 16 RAM disks of 65536K size 1024 blocksize
Mar 16 08:09:58 app-1 kernel: [    6.686471] input: Macintosh mouse button emulation as /devices/virtual/input/input0
Mar 16 08:09:58 app-1 kernel: [    6.686546] PNP: PS/2 Controller [PNP0303:KBC,PNP0f13:MOUS] at 0x60,0x64 irq 1,12
Mar 16 08:09:58 app-1 kernel: [    7.205651] serio: i8042 KBD port at 0x60,0x64 irq 1
Mar 16 08:09:58 app-1 kernel: [    7.205659] serio: i8042 AUX port at 0x60,0x64 irq 12
Mar 16 08:09:58 app-1 kernel: [    7.221759] mice: PS/2 mouse device common for all mice
Mar 16 08:09:58 app-1 kernel: [    7.221841] cpuidle: using governor ladder
Mar 16 08:09:58 app-1 kernel: [    7.221842] cpuidle: using governor menu
Mar 16 08:09:58 app-1 kernel: [    7.222111] NET: Registered protocol family 1
Mar 16 08:09:58 app-1 kernel: [    7.222231] registered taskstats version 1
Mar 16 08:09:58 app-1 kernel: [    7.223493]   Magic number: 2:390:184
Mar 16 08:09:58 app-1 kernel: [    7.223606]   hash matches device LNXTHERM:00
Mar 16 08:09:58 app-1 kernel: [    7.223622] /build/buildd/linux-2.6.24/drivers/rtc/hctosys.c: unable to open rtc device (rtc0)
Mar 16 08:09:58 app-1 kernel: [    7.223624] BIOS EDD facility v0.16 2004-Jun-25, 6 devices found
Mar 16 08:09:58 app-1 kernel: [    7.223802] Freeing unused kernel memory: 328k freed
Mar 16 08:09:58 app-1 kernel: [    7.224829] Write protecting the kernel read-only data: 1044k
Mar 16 08:09:58 app-1 kernel: [    7.228126] input: AT Translated Set 2 keyboard as /devices/platform/i8042/serio0/input/input1
Mar 16 08:09:58 app-1 kernel: [    7.546871] fuse init (API version 7.9)
Mar 16 08:09:58 app-1 kernel: [    7.573215] ACPI: Processor [CP00] (supports 8 throttling states)
Mar 16 08:09:58 app-1 kernel: [    8.011918] SCSI subsystem initialized
Mar 16 08:09:58 app-1 kernel: [    8.034184] libata version 3.00 loaded.
Mar 16 08:09:58 app-1 kernel: [    8.063172] Fusion MPT base driver 3.04.06
Mar 16 08:09:58 app-1 kernel: [    8.063175] Copyright (c) 1999-2007 LSI Corporation
Mar 16 08:09:58 app-1 kernel: [    8.082885] ata_piix 0000:00:07.1: version 2.12
Mar 16 08:09:58 app-1 kernel: [    8.095268] scsi0 : ata_piix
Mar 16 08:09:58 app-1 kernel: [    8.095884] Intel(R) PRO/1000 Network Driver - version 7.3.20-k2-NAPI
Mar 16 08:09:58 app-1 kernel: [    8.095886] Copyright (c) 1999-2006 Intel Corporation.
Mar 16 08:09:58 app-1 kernel: [    8.097766] scsi1 : ata_piix
Mar 16 08:09:58 app-1 kernel: [    8.097808] ata1: PATA max UDMA/33 cmd 0x1f0 ctl 0x3f6 bmdma 0x10c0 irq 14
Mar 16 08:09:58 app-1 kernel: [    8.097810] ata2: PATA max UDMA/33 cmd 0x170 ctl 0x376 bmdma 0x10c8 irq 15
Mar 16 08:09:58 app-1 kernel: [    8.104224] Fusion MPT SPI Host driver 3.04.06
Mar 16 08:09:58 app-1 kernel: [    8.112011] usbcore: registered new interface driver usbfs
Mar 16 08:09:58 app-1 kernel: [    8.112030] usbcore: registered new interface driver hub
Mar 16 08:09:58 app-1 kernel: [    8.119130] usbcore: registered new device driver usb
Mar 16 08:09:58 app-1 kernel: [    8.121330] USB Universal Host Controller Interface driver v3.0
Mar 16 08:09:58 app-1 kernel: [    8.607853] Floppy drive(s): fd0 is 1.44M
Mar 16 08:09:58 app-1 kernel: [    8.623243] ata2.00: ATAPI: VMware Virtual IDE CDROM Drive, 00000001, max UDMA/33
Mar 16 08:09:58 app-1 kernel: [    8.624887] FDC 0 is a post-1991 82077
Mar 16 08:09:58 app-1 kernel: [    8.822887] ata2.00: configured for UDMA/33
Mar 16 08:09:58 app-1 kernel: [    8.825096] scsi 1:0:0:0: CD-ROM            NECVMWar VMware IDE CDR10 1.00 PQ: 0 ANSI: 5
Mar 16 08:09:58 app-1 kernel: [    8.826201] ACPI: PCI Interrupt 0000:02:01.0[A] -> GSI 19 (level, low) -> IRQ 19
Mar 16 08:09:58 app-1 kernel: [    8.826264] PCI: Setting latency timer of device 0000:02:01.0 to 64
Mar 16 08:09:58 app-1 kernel: [    9.144983] e1000: 0000:02:01.0: e1000_probe: (PCI:66MHz:32-bit) 00:0c:29:d5:57:05
Mar 16 08:09:58 app-1 kernel: [    9.145165] ACPI: PCI Interrupt 0000:00:10.0[A] -> GSI 17 (level, low) -> IRQ 17
Mar 16 08:09:58 app-1 kernel: [    9.145316] mptbase: ioc0: Initiating bringup
Mar 16 08:09:58 app-1 kernel: [    9.267926] e1000: eth0: e1000_probe: Intel(R) PRO/1000 Network Connection
Mar 16 08:09:58 app-1 kernel: [    9.321585] ioc0: LSI53C1030 B0: Capabilities={Initiator}
Mar 16 08:09:58 app-1 kernel: [    9.644666] scsi2 : ioc0: LSI53C1030 B0, FwRev=01032920h, Ports=1, MaxQ=128, IRQ=17
Mar 16 08:09:58 app-1 kernel: [    9.924408] scsi 2:0:0:0: Direct-Access     VMware,  VMware Virtual S 1.0  PQ: 0 ANSI: 2
Mar 16 08:09:58 app-1 kernel: [    9.924417]  target2:0:0: Beginning Domain Validation
Mar 16 08:09:58 app-1 kernel: [    9.925012]  target2:0:0: Domain Validation skipping write tests
Mar 16 08:09:58 app-1 kernel: [    9.925013]  target2:0:0: Ending Domain Validation
Mar 16 08:09:58 app-1 kernel: [    9.925042]  target2:0:0: FAST-40 WIDE SCSI 80.0 MB/s ST (25 ns, offset 127)
Mar 16 08:09:58 app-1 kernel: [    9.926355] ACPI: PCI Interrupt 0000:02:00.0[A] -> GSI 18 (level, low) -> IRQ 18
Mar 16 08:09:58 app-1 kernel: [    9.926407] uhci_hcd 0000:02:00.0: UHCI Host Controller
Mar 16 08:09:58 app-1 kernel: [    9.926637] uhci_hcd 0000:02:00.0: new USB bus registered, assigned bus number 1
Mar 16 08:09:58 app-1 kernel: [    9.926945] uhci_hcd 0000:02:00.0: irq 18, io base 0x00002080
Mar 16 08:09:58 app-1 kernel: [    9.927191] usb usb1: configuration #1 chosen from 1 choice
Mar 16 08:09:58 app-1 kernel: [    9.927214] hub 1-0:1.0: USB hub found
Mar 16 08:09:58 app-1 kernel: [    9.927219] hub 1-0:1.0: 2 ports detected
Mar 16 08:09:58 app-1 kernel: [   10.015398] Driver 'sr' needs updating - please use bus_type methods
Mar 16 08:09:58 app-1 kernel: [   10.031344] ACPI: PCI Interrupt 0000:02:03.0[A] -> GSI 17 (level, low) -> IRQ 17
Mar 16 08:09:58 app-1 kernel: [   10.031411] ehci_hcd 0000:02:03.0: EHCI Host Controller
Mar 16 08:09:58 app-1 kernel: [   10.031436] ehci_hcd 0000:02:03.0: new USB bus registered, assigned bus number 2
Mar 16 08:09:58 app-1 kernel: [   10.031658] PCI: cache line size of 32 is not supported by device 0000:02:03.0
Mar 16 08:09:58 app-1 kernel: [   10.031663] ehci_hcd 0000:02:03.0: irq 17, io mem 0xd8910000
Mar 16 08:09:58 app-1 kernel: [   10.033621] sr0: scsi3-mmc drive: 1x/1x writer xa/form2 cdda tray
Mar 16 08:09:58 app-1 kernel: [   10.033624] Uniform CD-ROM driver Revision: 3.20
Mar 16 08:09:58 app-1 kernel: [   10.033672] sr 1:0:0:0: Attached scsi CD-ROM sr0
Mar 16 08:09:58 app-1 kernel: [   10.039817] sr 1:0:0:0: Attached scsi generic sg0 type 5
Mar 16 08:09:58 app-1 kernel: [   10.039831] scsi 2:0:0:0: Attached scsi generic sg1 type 0
Mar 16 08:09:58 app-1 kernel: [   10.051643] ehci_hcd 0000:02:03.0: USB 2.0 started, EHCI 1.00, driver 10 Dec 2004
Mar 16 08:09:58 app-1 kernel: [   10.051763] usb usb2: configuration #1 chosen from 1 choice
Mar 16 08:09:58 app-1 kernel: [   10.051779] hub 2-0:1.0: USB hub found
Mar 16 08:09:58 app-1 kernel: [   10.051784] hub 2-0:1.0: 6 ports detected
Mar 16 08:09:58 app-1 kernel: [   10.084520] Driver 'sd' needs updating - please use bus_type methods
Mar 16 08:09:58 app-1 kernel: [   10.084725] sd 2:0:0:0: [sda] 41943040 512-byte hardware sectors (21475 MB)
Mar 16 08:09:58 app-1 kernel: [   10.084791] sd 2:0:0:0: [sda] Write Protect is off
Mar 16 08:09:58 app-1 kernel: [   10.084793] sd 2:0:0:0: [sda] Mode Sense: 5d 00 00 00
Mar 16 08:09:58 app-1 kernel: [   10.084881] sd 2:0:0:0: [sda] Cache data unavailable
Mar 16 08:09:58 app-1 kernel: [   10.084882] sd 2:0:0:0: [sda] Assuming drive cache: write through
Mar 16 08:09:58 app-1 kernel: [   10.085171] sd 2:0:0:0: [sda] 41943040 512-byte hardware sectors (21475 MB)
Mar 16 08:09:58 app-1 kernel: [   10.085204] sd 2:0:0:0: [sda] Write Protect is off
Mar 16 08:09:58 app-1 kernel: [   10.085206] sd 2:0:0:0: [sda] Mode Sense: 5d 00 00 00
Mar 16 08:09:58 app-1 kernel: [   10.085255] sd 2:0:0:0: [sda] Cache data unavailable
Mar 16 08:09:58 app-1 kernel: [   10.085257] sd 2:0:0:0: [sda] Assuming drive cache: write through
Mar 16 08:09:58 app-1 kernel: [   10.085402]  sda: sda1 sda2 < sda5 >
Mar 16 08:09:58 app-1 kernel: [   10.085770] sd 2:0:0:0: [sda] Attached SCSI disk
Mar 16 08:09:58 app-1 kernel: [   10.322792] Attempting manual resume
Mar 16 08:09:58 app-1 kernel: [   10.322794] swsusp: Resume From Partition 8:5
Mar 16 08:09:58 app-1 kernel: [   10.322795] PM: Checking swsusp image.
Mar 16 08:09:58 app-1 kernel: [   10.322865] PM: Resume from disk failed.
Mar 16 08:09:58 app-1 kernel: [   10.342419] kjournald starting.  Commit interval 5 seconds
Mar 16 08:09:58 app-1 kernel: [   10.342428] EXT3-fs: mounted filesystem with ordered data mode.
Mar 16 08:09:58 app-1 kernel: [   12.150384] pci_hotplug: PCI Hot Plug PCI Core version: 0.5
Mar 16 08:09:58 app-1 kernel: [   12.179474] agpgart: Detected an Intel 440BX Chipset.
Mar 16 08:09:58 app-1 kernel: [   12.180151] agpgart: AGP aperture is 256M @ 0x0
Mar 16 08:09:58 app-1 kernel: [   12.209951] input: Power Button (FF) as /devices/virtual/input/input2
Mar 16 08:09:58 app-1 kernel: [   12.221150] shpchp: Standard Hot Plug PCI Controller Driver version: 0.4
Mar 16 08:09:58 app-1 kernel: [   12.230445] ACPI: Power Button (FF) [PWRF]
Mar 16 08:09:58 app-1 kernel: [   12.251039] ACPI: AC Adapter [ACAD] (on-line)
Mar 16 08:09:58 app-1 kernel: [   12.464281] piix4_smbus 0000:00:07.3: Found 0000:00:07.3 device
Mar 16 08:09:58 app-1 kernel: [   12.464345] piix4_smbus 0000:00:07.3: Host SMBus controller not enabled!
Mar 16 08:09:58 app-1 kernel: [   13.081858] e1000: eth0: e1000_watchdog: NIC Link is Up 1000 Mbps Full Duplex, Flow Control: None
Mar 16 08:09:58 app-1 kernel: [   13.226335] ACPI: PCI Interrupt 0000:02:02.0[A] -> GSI 16 (level, low) -> IRQ 16
Mar 16 08:09:58 app-1 kernel: [   14.217120] input: PC Speaker as /devices/platform/pcspkr/input/input3
Mar 16 08:09:58 app-1 kernel: [   14.264211] input: ImPS/2 Generic Wheel Mouse as /devices/platform/i8042/serio1/input/input4
Mar 16 08:09:58 app-1 kernel: [   14.356273] NET: Registered protocol family 17
Mar 16 08:09:58 app-1 kernel: [   14.500932] parport_pc 00:08: reported by Plug and Play ACPI
Mar 16 08:09:58 app-1 kernel: [   14.501186] parport0: PC-style at 0x378, irq 7 [PCSPP,TRISTATE]
Mar 16 08:09:58 app-1 kernel: [   17.570303] loop: module loaded
Mar 16 08:09:58 app-1 kernel: [   17.586582] lp0: using parport0 (interrupt-driven).
Mar 16 08:09:58 app-1 kernel: [   17.718330] Adding 915664k swap on /dev/sda5.  Priority:-1 extents:1 across:915664k
Mar 16 08:09:58 app-1 kernel: [   17.795907] EXT3 FS on sda1, internal journal
Mar 16 08:09:58 app-1 kernel: [   17.945562] NET: Registered protocol family 10
Mar 16 08:09:58 app-1 kernel: [   17.945733] lo: Disabled Privacy Extensions
Mar 16 08:09:58 app-1 kernel: [   18.376218] ip_tables: (C) 2000-2006 Netfilter Core Team
Mar 16 08:10:07 app-1 kernel: [   28.043157] eth0: no IPv6 routers present
Mar 16 17:32:41 app-1 kernel: [33774.984686] e1000: eth0: e1000_watchdog: NIC Link is Down
Mar 16 17:32:46 app-1 kernel: [33779.993201] e1000: eth0: e1000_watchdog: NIC Link is Up 1000 Mbps Full Duplex, Flow Control: None
Mar 18 09:41:44 app-1 kernel: Inspecting /boot/System.map-2.6.24-26-server
Mar 18 09:41:44 app-1 kernel: Loaded 28787 symbols from /boot/System.map-2.6.24-26-server.
Mar 18 09:41:44 app-1 kernel: Symbols match kernel version 2.6.24.
Mar 18 09:41:44 app-1 kernel: Loaded 14773 symbols from 62 modules.
Mar 18 09:41:44 app-1 kernel: [    0.000000] Initializing cgroup subsys cpuset
Mar 18 09:41:44 app-1 kernel: [    0.000000] Initializing cgroup subsys cpu
Mar 18 09:41:44 app-1 kernel: [    0.000000] Linux version 2.6.24-26-server (buildd@crested) (gcc version 4.2.4 (Ubuntu 4.2.4-1ubuntu3)) #1 SMP Tue Dec 1 18:26:43 UTC 2009 (Ubuntu 2.6.24-26.64-server)
Mar 18 09:41:44 app-1 kernel: [    0.000000] Command line: root=UUID=a691743a-a4b7-482d-95ff-406e5acd83a3 ro quiet splash
Mar 18 09:41:44 app-1 kernel: [    0.000000] BIOS-provided physical RAM map:
Mar 18 09:41:44 app-1 kernel: [    0.000000]  BIOS-e820: 0000000000000000 - 000000000009f800 (usable)
Mar 18 09:41:44 app-1 kernel: [    0.000000]  BIOS-e820: 000000000009f800 - 00000000000a0000 (reserved)
Mar 18 09:41:44 app-1 kernel: [    0.000000]  BIOS-e820: 00000000000ca000 - 00000000000cc000 (reserved)
Mar 18 09:41:44 app-1 kernel: [    0.000000]  BIOS-e820: 00000000000dc000 - 00000000000e4000 (reserved)
Mar 18 09:41:44 app-1 kernel: [    0.000000]  BIOS-e820: 00000000000e8000 - 0000000000100000 (reserved)
Mar 18 09:41:44 app-1 kernel: [    0.000000]  BIOS-e820: 0000000000100000 - 000000001fef0000 (usable)
Mar 18 09:41:44 app-1 kernel: [    0.000000]  BIOS-e820: 000000001fef0000 - 000000001feff000 (ACPI data)
Mar 18 09:41:44 app-1 kernel: [    0.000000]  BIOS-e820: 000000001feff000 - 000000001ff00000 (ACPI NVS)
Mar 18 09:41:44 app-1 kernel: [    0.000000]  BIOS-e820: 000000001ff00000 - 0000000020000000 (usable)
Mar 18 09:41:44 app-1 kernel: [    0.000000]  BIOS-e820: 00000000e0000000 - 00000000f0000000 (reserved)
Mar 18 09:41:44 app-1 kernel: [    0.000000]  BIOS-e820: 00000000fec00000 - 00000000fec10000 (reserved)
Mar 18 09:41:44 app-1 kernel: [    0.000000]  BIOS-e820: 00000000fee00000 - 00000000fee01000 (reserved)
Mar 18 09:41:44 app-1 kernel: [    0.000000]  BIOS-e820: 00000000fffe0000 - 0000000100000000 (reserved)
Mar 18 09:41:44 app-1 kernel: [    0.000000] Entering add_active_range(0, 0, 159) 0 entries of 3200 used
Mar 18 09:41:44 app-1 kernel: [    0.000000] Entering add_active_range(0, 256, 130800) 1 entries of 3200 used
Mar 18 09:41:44 app-1 kernel: [    0.000000] Entering add_active_range(0, 130816, 131072) 2 entries of 3200 used
Mar 18 09:41:44 app-1 kernel: [    0.000000] end_pfn_map = 1048576
Mar 18 09:41:44 app-1 kernel: [    0.000000] DMI present.
Mar 18 09:41:44 app-1 kernel: [    0.000000] ACPI: RSDP signature @ 0xFFFF8100000F6940 checksum 0
Mar 18 09:41:44 app-1 kernel: [    0.000000] ACPI: RSDP 000F6940, 0024 (r2 PTLTD )
Mar 18 09:41:44 app-1 kernel: [    0.000000] ACPI: XSDT 1FEF0885, 004C (r1 INTEL  440BX     6040000 VMW   1324272)
Mar 18 09:41:44 app-1 kernel: [    0.000000] ACPI: FACP 1FEFEE98, 00F4 (r4 INTEL  440BX     6040000 PTL     F4240)
Mar 18 09:41:44 app-1 kernel: [    0.000000] ACPI: DSDT 1FEF0A3D, E45B (r1 PTLTD  Custom    6040000 MSFT  3000001)
Mar 18 09:41:44 app-1 kernel: [    0.000000] ACPI: FACS 1FEFFFC0, 0040
Mar 18 09:41:44 app-1 kernel: [    0.000000] ACPI: BOOT 1FEF0A15, 0028 (r1 PTLTD  $SBFTBL$  6040000  LTP        1)
Mar 18 09:41:44 app-1 kernel: [    0.000000] ACPI: APIC 1FEF09C5, 0050 (r1 PTLTD  ^I APIC    6040000  LTP        0)
Mar 18 09:41:44 app-1 kernel: [    0.000000] ACPI: MCFG 1FEF0989, 003C (r1 PTLTD  $PCITBL$  6040000  LTP        1)
Mar 18 09:41:44 app-1 kernel: [    0.000000] ACPI: SRAT 1FEF0909, 0080 (r2 VMWARE MEMPLUG   6040000 VMW         1)
Mar 18 09:41:44 app-1 kernel: [    0.000000] SRAT: Node 0 PXM 0 0-a0000
Mar 18 09:41:44 app-1 kernel: [    0.000000] Entering add_active_range(0, 0, 159) 0 entries of 3200 used
Mar 18 09:41:44 app-1 kernel: [    0.000000] SRAT: Node 0 PXM 0 0-20000000
Mar 18 09:41:44 app-1 kernel: [    0.000000] Entering add_active_range(0, 0, 159) 1 entries of 3200 used
Mar 18 09:41:44 app-1 kernel: [    0.000000] Entering add_active_range(0, 256, 130800) 1 entries of 3200 used
Mar 18 09:41:44 app-1 kernel: [    0.000000] Entering add_active_range(0, 130816, 131072) 2 entries of 3200 used
Mar 18 09:41:44 app-1 kernel: [    0.000000] No NUMA configuration found
Mar 18 09:41:44 app-1 kernel: [    0.000000] Faking a node at 0000000000000000-0000000020000000
Mar 18 09:41:44 app-1 kernel: [    0.000000] Entering add_active_range(0, 0, 159) 3 entries of 3200 used
Mar 18 09:41:44 app-1 kernel: [    0.000000] Entering add_active_range(0, 256, 130800) 3 entries of 3200 used
Mar 18 09:41:44 app-1 kernel: [    0.000000] Entering add_active_range(0, 130816, 131072) 3 entries of 3200 used
Mar 18 09:41:44 app-1 kernel: [    0.000000] Bootmem setup node 0 0000000000000000-0000000020000000
Mar 18 09:41:44 app-1 kernel: [    0.000000] Zone PFN ranges:
Mar 18 09:41:44 app-1 kernel: [    0.000000]   DMA             0 ->     4096
Mar 18 09:41:44 app-1 kernel: [    0.000000]   DMA32        4096 ->  1048576
Mar 18 09:41:44 app-1 kernel: [    0.000000]   Normal    1048576 ->  1048576
Mar 18 09:41:44 app-1 kernel: [    0.000000] Movable zone start PFN for each node
Mar 18 09:41:44 app-1 kernel: [    0.000000] early_node_map[3] active PFN ranges
Mar 18 09:41:44 app-1 kernel: [    0.000000]     0:        0 ->      159
Mar 18 09:41:44 app-1 kernel: [    0.000000]     0:      256 ->   130800
Mar 18 09:41:44 app-1 kernel: [    0.000000]     0:   130816 ->   131072
Mar 18 09:41:44 app-1 kernel: [    0.000000] On node 0 totalpages: 130959
Mar 18 09:41:44 app-1 kernel: [    0.000000]   DMA zone: 56 pages used for memmap
Mar 18 09:41:44 app-1 kernel: [    0.000000]   DMA zone: 1324 pages reserved
Mar 18 09:41:44 app-1 kernel: [    0.000000]   DMA zone: 2619 pages, LIFO batch:0
Mar 18 09:41:44 app-1 kernel: [    0.000000]   DMA32 zone: 1736 pages used for memmap
Mar 18 09:41:44 app-1 kernel: [    0.000000]   DMA32 zone: 125224 pages, LIFO batch:31
Mar 18 09:41:44 app-1 kernel: [    0.000000]   Normal zone: 0 pages used for memmap
Mar 18 09:41:44 app-1 kernel: [    0.000000]   Movable zone: 0 pages used for memmap
Mar 18 09:41:44 app-1 kernel: [    0.000000] ACPI: PM-Timer IO Port: 0x1008
Mar 18 09:41:44 app-1 kernel: [    0.000000] ACPI: Local APIC address 0xfee00000
Mar 18 09:41:44 app-1 kernel: [    0.000000] ACPI: LAPIC (acpi_id[0x00] lapic_id[0x00] enabled)
Mar 18 09:41:44 app-1 kernel: [    0.000000] Processor #0 (Bootup-CPU)
Mar 18 09:41:44 app-1 kernel: [    0.000000] ACPI: LAPIC_NMI (acpi_id[0x00] high edge lint[0x1])
Mar 18 09:41:44 app-1 kernel: [    0.000000] ACPI: IOAPIC (id[0x01] address[0xfec00000] gsi_base[0])
Mar 18 09:41:44 app-1 kernel: [    0.000000] IOAPIC[0]: apic_id 1, address 0xfec00000, GSI 0-23
Mar 18 09:41:44 app-1 kernel: [    0.000000] ACPI: INT_SRC_OVR (bus 0 bus_irq 0 global_irq 2 high edge)
Mar 18 09:41:44 app-1 kernel: [    0.000000] ACPI: IRQ0 used by override.
Mar 18 09:41:44 app-1 kernel: [    0.000000] ACPI: IRQ2 used by override.
Mar 18 09:41:44 app-1 kernel: [    0.000000] ACPI: IRQ9 used by override.
Mar 18 09:41:44 app-1 kernel: [    0.000000] Setting APIC routing to flat
Mar 18 09:41:44 app-1 kernel: [    0.000000] Using ACPI (MADT) for SMP configuration information
Mar 18 09:41:44 app-1 kernel: [    0.000000] swsusp: Registered nosave memory region: 000000000009f000 - 00000000000a0000
Mar 18 09:41:44 app-1 kernel: [    0.000000] swsusp: Registered nosave memory region: 00000000000a0000 - 00000000000ca000
Mar 18 09:41:44 app-1 kernel: [    0.000000] swsusp: Registered nosave memory region: 00000000000ca000 - 00000000000cc000
Mar 18 09:41:44 app-1 kernel: [    0.000000] swsusp: Registered nosave memory region: 00000000000cc000 - 00000000000dc000
Mar 18 09:41:44 app-1 kernel: [    0.000000] swsusp: Registered nosave memory region: 00000000000dc000 - 00000000000e4000
Mar 18 09:41:44 app-1 kernel: [    0.000000] swsusp: Registered nosave memory region: 00000000000e4000 - 00000000000e8000
Mar 18 09:41:44 app-1 kernel: [    0.000000] swsusp: Registered nosave memory region: 00000000000e8000 - 0000000000100000
Mar 18 09:41:44 app-1 kernel: [    0.000000] swsusp: Registered nosave memory region: 000000001fef0000 - 000000001feff000
Mar 18 09:41:44 app-1 kernel: [    0.000000] swsusp: Registered nosave memory region: 000000001feff000 - 000000001ff00000
Mar 18 09:41:44 app-1 kernel: [    0.000000] Allocating PCI resources starting at 30000000 (gap: 20000000:c0000000)
Mar 18 09:41:44 app-1 kernel: [    0.000000] SMP: Allowing 1 CPUs, 0 hotplug CPUs
Mar 18 09:41:44 app-1 kernel: [    0.000000] PERCPU: Allocating 42080 bytes of per cpu data
Mar 18 09:41:44 app-1 kernel: [    0.000000] Built 1 zonelists in Node order, mobility grouping on.  Total pages: 127843
Mar 18 09:41:44 app-1 kernel: [    0.000000] Policy zone: DMA32
Mar 18 09:41:44 app-1 kernel: [    0.000000] Kernel command line: root=UUID=a691743a-a4b7-482d-95ff-406e5acd83a3 ro quiet splash
Mar 18 09:41:44 app-1 kernel: [    0.000000] Initializing CPU#0
Mar 18 09:41:44 app-1 kernel: [    0.000000] PID hash table entries: 2048 (order: 11, 16384 bytes)
Mar 18 09:41:44 app-1 kernel: [    0.000000] Extended CMOS year: 2000
Mar 18 09:41:44 app-1 kernel: [    4.938036] TSC: Frequency read from the hypervisor is 2521.669 MHz
Mar 18 09:41:44 app-1 kernel: [    4.938039] time.c: Detected 2521.669 MHz processor.
Mar 18 09:41:44 app-1 kernel: [    4.942696] Console: colour VGA+ 80x25
Mar 18 09:41:44 app-1 kernel: [    4.942704] console [tty0] enabled
Mar 18 09:41:44 app-1 kernel: [    4.942732] Checking aperture...
Mar 18 09:41:44 app-1 kernel: [    4.968093] Calgary: detecting Calgary via BIOS EBDA area
Mar 18 09:41:44 app-1 kernel: [    4.968097] Calgary: Unable to locate Rio Grande table in EBDA - bailing!
Mar 18 09:41:44 app-1 kernel: [    4.980227] Memory: 503904k/524288k available (2529k kernel code, 19932k reserved, 1330k data, 328k init)
Mar 18 09:41:44 app-1 kernel: [    4.980321] SLUB: Genslabs=12, HWalign=64, Order=0-1, MinObjects=4, CPUs=1, Nodes=1
Mar 18 09:41:44 app-1 kernel: [    4.980519] Calibrating delay loop (skipped), using tsc calculated value.. 5043.33 BogoMIPS (lpj=25216690)
Mar 18 09:41:44 app-1 kernel: [    4.980585] Security Framework initialized
Mar 18 09:41:44 app-1 kernel: [    4.980595] SELinux:  Disabled at boot.
Mar 18 09:41:44 app-1 kernel: [    4.980626] AppArmor: AppArmor initialized
Mar 18 09:41:44 app-1 kernel: [    4.980631] Failure registering capabilities with primary security module.
Mar 18 09:41:44 app-1 kernel: [    4.980824] Dentry cache hash table entries: 65536 (order: 7, 524288 bytes)
Mar 18 09:41:44 app-1 kernel: [    4.981607] Inode-cache hash table entries: 32768 (order: 6, 262144 bytes)
Mar 18 09:41:44 app-1 kernel: [    4.981874] Mount-cache hash table entries: 256
Mar 18 09:41:44 app-1 kernel: [    4.982213] Initializing cgroup subsys ns
Mar 18 09:41:44 app-1 kernel: [    4.982221] Initializing cgroup subsys cpuacct
Mar 18 09:41:44 app-1 kernel: [    4.982311] CPU: L1 I cache: 32K, L1 D cache: 32K
Mar 18 09:41:44 app-1 kernel: [    4.982312] CPU: L2 cache: 3072K
Mar 18 09:41:44 app-1 kernel: [    4.982331] CPU 0/0 -> Node 0
Mar 18 09:41:44 app-1 kernel: [    4.982417] SMP alternatives: switching to UP code
Mar 18 09:41:44 app-1 kernel: [    4.986299] Freeing SMP alternatives: 24k freed
Mar 18 09:41:44 app-1 kernel: [    4.986834] Early unpacking initramfs... done
Mar 18 09:41:44 app-1 kernel: [    5.396272] ACPI: Core revision 20070126
Mar 18 09:41:44 app-1 kernel: [    5.396477] ACPI: Looking for DSDT in initramfs... error, file /DSDT.aml not found.
Mar 18 09:41:44 app-1 kernel: [    5.507106] Using local APIC timer interrupts.
Mar 18 09:41:44 app-1 kernel: [    5.546836] APIC timer calibration result 4125210
Mar 18 09:41:44 app-1 kernel: [    5.546838] Detected 4.125 MHz APIC timer.
Mar 18 09:41:44 app-1 kernel: [    5.547270] Brought up 1 CPUs
Mar 18 09:41:44 app-1 kernel: [    5.547495] CPU0 attaching sched-domain:
Mar 18 09:41:44 app-1 kernel: [    5.547504]  domain 0: span 00000000,00000001
Mar 18 09:41:44 app-1 kernel: [    5.547505]   groups: 00000000,00000001
Mar 18 09:41:44 app-1 kernel: [    5.548249] net_namespace: 120 bytes
Mar 18 09:41:44 app-1 kernel: [    5.569687] Time:  0:33:13  Date: 03/17/10
Mar 18 09:41:44 app-1 kernel: [    5.569784] NET: Registered protocol family 16
Mar 18 09:41:44 app-1 kernel: [    5.570342] ACPI: bus type pci registered
Mar 18 09:41:44 app-1 kernel: [    5.570599] PCI: Using configuration type 1
Mar 18 09:41:44 app-1 kernel: [    5.575026] ACPI: EC: Look up EC in DSDT
Mar 18 09:41:44 app-1 kernel: [    5.623482] ACPI: BIOS _OSI(Linux) query ignored
Mar 18 09:41:44 app-1 kernel: [    5.623494] ACPI: DMI System Vendor: VMware, Inc.
Mar 18 09:41:44 app-1 kernel: [    5.623495] ACPI: DMI Product Name: VMware Virtual Platform
Mar 18 09:41:44 app-1 kernel: [    5.623496] ACPI: DMI Product Version: None
Mar 18 09:41:44 app-1 kernel: [    5.623497] ACPI: DMI Board Name: 440BX Desktop Reference Platform
Mar 18 09:41:44 app-1 kernel: [    5.623498] ACPI: DMI BIOS Vendor: Phoenix Technologies LTD
Mar 18 09:41:44 app-1 kernel: [    5.623498] ACPI: DMI BIOS Date: 09/18/2009
Mar 18 09:41:44 app-1 kernel: [    5.623499] ACPI: Please send DMI info above to linux-acpi@vger.kernel.org
Mar 18 09:41:44 app-1 kernel: [    5.623500] ACPI: If "acpi_osi=Linux" works better, please notify linux-acpi@vger.kernel.org
Mar 18 09:41:44 app-1 kernel: [    5.624143] ACPI: Interpreter enabled
Mar 18 09:41:44 app-1 kernel: [    5.624148] ACPI: (supports S0 S1 S4 S5)
Mar 18 09:41:44 app-1 kernel: [    5.624177] ACPI: Using IOAPIC for interrupt routing
Mar 18 09:41:44 app-1 kernel: [    5.683474] ACPI: PCI Root Bridge [PCI0] (0000:00)
Mar 18 09:41:44 app-1 kernel: [    5.685994] PCI quirk: region 1000-103f claimed by PIIX4 ACPI
Mar 18 09:41:44 app-1 kernel: [    5.686008] PCI quirk: region 1040-104f claimed by PIIX4 SMB
Mar 18 09:41:44 app-1 kernel: [    5.707269] PCI: Transparent bridge - 0000:00:11.0
Mar 18 09:41:44 app-1 kernel: [    5.728036] ACPI: PCI Interrupt Routing Table [\_SB_.PCI0._PRT]
Mar 18 09:41:44 app-1 kernel: [    5.993638] ACPI: PCI Interrupt Link [LNKA] (IRQs 3 4 5 6 7 *9 10 11 14 15)
Mar 18 09:41:44 app-1 kernel: [    5.993826] ACPI: PCI Interrupt Link [LNKB] (IRQs 3 4 5 6 7 9 10 *11 14 15)
Mar 18 09:41:44 app-1 kernel: [    5.994005] ACPI: PCI Interrupt Link [LNKC] (IRQs 3 4 5 6 7 9 *10 11 14 15)
Mar 18 09:41:44 app-1 kernel: [    5.994184] ACPI: PCI Interrupt Link [LNKD] (IRQs 3 4 *5 6 7 9 10 11 14 15)
Mar 18 09:41:44 app-1 kernel: [    5.994363] Linux Plug and Play Support v0.97 (c) Adam Belay
Mar 18 09:41:44 app-1 kernel: [    5.994422] pnp: PnP ACPI init
Mar 18 09:41:44 app-1 kernel: [    5.994433] ACPI: bus type pnp registered
Mar 18 09:41:44 app-1 kernel: [    6.066911] pnp: PnP ACPI: found 13 devices
Mar 18 09:41:44 app-1 kernel: [    6.066915] ACPI: ACPI bus type pnp unregistered
Mar 18 09:41:44 app-1 kernel: [    6.067354] PCI: Using ACPI for IRQ routing
Mar 18 09:41:44 app-1 kernel: [    6.067355] PCI: If a device doesn't work, try "pci=routeirq".  If it helps, post a report
Mar 18 09:41:44 app-1 kernel: [    6.097160] NET: Registered protocol family 8
Mar 18 09:41:44 app-1 kernel: [    6.097163] NET: Registered protocol family 20
Mar 18 09:41:44 app-1 kernel: [    6.097253] NetLabel: Initializing
Mar 18 09:41:44 app-1 kernel: [    6.097259] NetLabel:  domain hash size = 128
Mar 18 09:41:44 app-1 kernel: [    6.097260] NetLabel:  protocols = UNLABELED CIPSOv4
Mar 18 09:41:44 app-1 kernel: [    6.097280] NetLabel:  unlabeled traffic allowed by default
Mar 18 09:41:44 app-1 kernel: [    6.097315] PCI-GART: No AMD northbridge found.
Mar 18 09:41:44 app-1 kernel: [    6.097605] AppArmor: AppArmor Filesystem Enabled
Mar 18 09:41:44 app-1 kernel: [    6.106972] Time: tsc clocksource has been installed.
Mar 18 09:41:44 app-1 kernel: [    6.107089] Switched to high resolution mode on CPU 0
Mar 18 09:41:44 app-1 kernel: [    6.127194] system 00:01: ioport range 0x1000-0x103f has been reserved
Mar 18 09:41:44 app-1 kernel: [    6.127197] system 00:01: ioport range 0x1040-0x104f has been reserved
Mar 18 09:41:44 app-1 kernel: [    6.127199] system 00:01: ioport range 0xcf0-0xcf1 has been reserved
Mar 18 09:41:44 app-1 kernel: [    6.127208] system 00:0c: ioport range 0x1060-0x107f has been reserved
Mar 18 09:41:44 app-1 kernel: [    6.127217] system 00:0c: iomem range 0xe0000000-0xefffffff could not be reserved
Mar 18 09:41:44 app-1 kernel: [    6.127219] system 00:0c: iomem range 0xdbe00000-0xdbffffff has been reserved
Mar 18 09:41:44 app-1 kernel: [    6.128852] PCI: Bridge: 0000:00:01.0
Mar 18 09:41:44 app-1 kernel: [    6.128854]   IO window: disabled.
Mar 18 09:41:44 app-1 kernel: [    6.128894]   MEM window: disabled.
Mar 18 09:41:44 app-1 kernel: [    6.128921]   PREFETCH window: disabled.
Mar 18 09:41:44 app-1 kernel: [    6.128959] PCI: Bridge: 0000:00:11.0
Mar 18 09:41:44 app-1 kernel: [    6.128974]   IO window: 2000-3fff
Mar 18 09:41:44 app-1 kernel: [    6.129010]   MEM window: d8900000-d9cfffff
Mar 18 09:41:44 app-1 kernel: [    6.129034]   PREFETCH window: dc400000-dc9fffff
Mar 18 09:41:44 app-1 kernel: [    6.129070] PCI: Bridge: 0000:00:15.0
Mar 18 09:41:44 app-1 kernel: [    6.129083]   IO window: 4000-4fff
Mar 18 09:41:44 app-1 kernel: [    6.129119]   MEM window: d9d00000-d9dfffff
Mar 18 09:41:44 app-1 kernel: [    6.129144]   PREFETCH window: dca00000-dcafffff
Mar 18 09:41:44 app-1 kernel: [    6.129230] PCI: Bridge: 0000:00:15.1
Mar 18 09:41:44 app-1 kernel: [    6.129244]   IO window: 8000-8fff
Mar 18 09:41:44 app-1 kernel: [    6.129280]   MEM window: da100000-da1fffff
Mar 18 09:41:44 app-1 kernel: [    6.129305]   PREFETCH window: dce00000-dcefffff
Mar 18 09:41:44 app-1 kernel: [    6.129352] PCI: Bridge: 0000:00:15.2
Mar 18 09:41:44 app-1 kernel: [    6.129366]   IO window: c000-cfff
Mar 18 09:41:44 app-1 kernel: [    6.129402]   MEM window: da500000-da5fffff
Mar 18 09:41:44 app-1 kernel: [    6.129426]   PREFETCH window: dd200000-dd2fffff
Mar 18 09:41:44 app-1 kernel: [    6.129472] PCI: Bridge: 0000:00:15.3
Mar 18 09:41:44 app-1 kernel: [    6.129473]   IO window: disabled.
Mar 18 09:41:44 app-1 kernel: [    6.129510]   MEM window: da900000-da9fffff
Mar 18 09:41:44 app-1 kernel: [    6.129534]   PREFETCH window: dd600000-dd6fffff
Mar 18 09:41:44 app-1 kernel: [    6.129611] PCI: Bridge: 0000:00:15.4
Mar 18 09:41:44 app-1 kernel: [    6.129612]   IO window: disabled.
Mar 18 09:41:44 app-1 kernel: [    6.129649]   MEM window: dad00000-dadfffff
Mar 18 09:41:44 app-1 kernel: [    6.129674]   PREFETCH window: dda00000-ddafffff
Mar 18 09:41:44 app-1 kernel: [    6.129721] PCI: Bridge: 0000:00:15.5
Mar 18 09:41:44 app-1 kernel: [    6.129722]   IO window: disabled.
Mar 18 09:41:44 app-1 kernel: [    6.129758]   MEM window: db100000-db1fffff
Mar 18 09:41:44 app-1 kernel: [    6.129783]   PREFETCH window: dde00000-ddefffff
Mar 18 09:41:44 app-1 kernel: [    6.129829] PCI: Bridge: 0000:00:15.6
Mar 18 09:41:44 app-1 kernel: [    6.129830]   IO window: disabled.
Mar 18 09:41:44 app-1 kernel: [    6.129866]   MEM window: db500000-db5fffff
Mar 18 09:41:44 app-1 kernel: [    6.129891]   PREFETCH window: de200000-de2fffff
Mar 18 09:41:44 app-1 kernel: [    6.129937] PCI: Bridge: 0000:00:15.7
Mar 18 09:41:44 app-1 kernel: [    6.129938]   IO window: disabled.
Mar 18 09:41:44 app-1 kernel: [    6.129974]   MEM window: db900000-db9fffff
Mar 18 09:41:44 app-1 kernel: [    6.129998]   PREFETCH window: de600000-de6fffff
Mar 18 09:41:44 app-1 kernel: [    6.130045] PCI: Bridge: 0000:00:16.0
Mar 18 09:41:44 app-1 kernel: [    6.130058]   IO window: 5000-5fff
Mar 18 09:41:44 app-1 kernel: [    6.130094]   MEM window: d9e00000-d9efffff
Mar 18 09:41:44 app-1 kernel: [    6.130123]   PREFETCH window: dcb00000-dcbfffff
Mar 18 09:41:44 app-1 kernel: [    6.130170] PCI: Bridge: 0000:00:16.1
Mar 18 09:41:44 app-1 kernel: [    6.130184]   IO window: 9000-9fff
Mar 18 09:41:44 app-1 kernel: [    6.130220]   MEM window: da200000-da2fffff
Mar 18 09:41:44 app-1 kernel: [    6.130244]   PREFETCH window: dcf00000-dcffffff
Mar 18 09:41:44 app-1 kernel: [    6.130290] PCI: Bridge: 0000:00:16.2
Mar 18 09:41:44 app-1 kernel: [    6.130304]   IO window: d000-dfff
Mar 18 09:41:44 app-1 kernel: [    6.130339]   MEM window: da600000-da6fffff
Mar 18 09:41:44 app-1 kernel: [    6.130364]   PREFETCH window: dd300000-dd3fffff
Mar 18 09:41:44 app-1 kernel: [    6.130410] PCI: Bridge: 0000:00:16.3
Mar 18 09:41:44 app-1 kernel: [    6.130411]   IO window: disabled.
Mar 18 09:41:44 app-1 kernel: [    6.130447]   MEM window: daa00000-daafffff
Mar 18 09:41:44 app-1 kernel: [    6.130471]   PREFETCH window: dd700000-dd7fffff
Mar 18 09:41:44 app-1 kernel: [    6.130517] PCI: Bridge: 0000:00:16.4
Mar 18 09:41:44 app-1 kernel: [    6.130518]   IO window: disabled.
Mar 18 09:41:44 app-1 kernel: [    6.130555]   MEM window: dae00000-daefffff
Mar 18 09:41:44 app-1 kernel: [    6.130579]   PREFETCH window: ddb00000-ddbfffff
Mar 18 09:41:44 app-1 kernel: [    6.130625] PCI: Bridge: 0000:00:16.5
Mar 18 09:41:44 app-1 kernel: [    6.130626]   IO window: disabled.
Mar 18 09:41:44 app-1 kernel: [    6.130662]   MEM window: db200000-db2fffff
Mar 18 09:41:44 app-1 kernel: [    6.130687]   PREFETCH window: ddf00000-ddffffff
Mar 18 09:41:44 app-1 kernel: [    6.130733] PCI: Bridge: 0000:00:16.6
Mar 18 09:41:44 app-1 kernel: [    6.130734]   IO window: disabled.
Mar 18 09:41:44 app-1 kernel: [    6.130770]   MEM window: db600000-db6fffff
Mar 18 09:41:44 app-1 kernel: [    6.130794]   PREFETCH window: de300000-de3fffff
Mar 18 09:41:44 app-1 kernel: [    6.130841] PCI: Bridge: 0000:00:16.7
Mar 18 09:41:44 app-1 kernel: [    6.130842]   IO window: disabled.
Mar 18 09:41:44 app-1 kernel: [    6.130878]   MEM window: dba00000-dbafffff
Mar 18 09:41:44 app-1 kernel: [    6.130902]   PREFETCH window: de700000-de7fffff
Mar 18 09:41:44 app-1 kernel: [    6.130948] PCI: Bridge: 0000:00:17.0
Mar 18 09:41:44 app-1 kernel: [    6.130962]   IO window: 6000-6fff
Mar 18 09:41:44 app-1 kernel: [    6.130997]   MEM window: d9f00000-d9ffffff
Mar 18 09:41:44 app-1 kernel: [    6.131022]   PREFETCH window: dcc00000-dccfffff
Mar 18 09:41:44 app-1 kernel: [    6.131068] PCI: Bridge: 0000:00:17.1
Mar 18 09:41:44 app-1 kernel: [    6.131082]   IO window: a000-afff
Mar 18 09:41:44 app-1 kernel: [    6.131117]   MEM window: da300000-da3fffff
Mar 18 09:41:44 app-1 kernel: [    6.131141]   PREFETCH window: dd000000-dd0fffff
Mar 18 09:41:44 app-1 kernel: [    6.131188] PCI: Bridge: 0000:00:17.2
Mar 18 09:41:44 app-1 kernel: [    6.131201]   IO window: e000-efff
Mar 18 09:41:44 app-1 kernel: [    6.131237]   MEM window: da700000-da7fffff
Mar 18 09:41:44 app-1 kernel: [    6.131261]   PREFETCH window: dd400000-dd4fffff
Mar 18 09:41:44 app-1 kernel: [    6.131307] PCI: Bridge: 0000:00:17.3
Mar 18 09:41:44 app-1 kernel: [    6.131308]   IO window: disabled.
Mar 18 09:41:44 app-1 kernel: [    6.131344]   MEM window: dab00000-dabfffff
Mar 18 09:41:44 app-1 kernel: [    6.131369]   PREFETCH window: dd800000-dd8fffff
Mar 18 09:41:44 app-1 kernel: [    6.131415] PCI: Bridge: 0000:00:17.4
Mar 18 09:41:44 app-1 kernel: [    6.131416]   IO window: disabled.
Mar 18 09:41:44 app-1 kernel: [    6.131452]   MEM window: daf00000-daffffff
Mar 18 09:41:44 app-1 kernel: [    6.131476]   PREFETCH window: ddc00000-ddcfffff
Mar 18 09:41:44 app-1 kernel: [    6.131524] PCI: Bridge: 0000:00:17.5
Mar 18 09:41:44 app-1 kernel: [    6.131525]   IO window: disabled.
Mar 18 09:41:44 app-1 kernel: [    6.131561]   MEM window: db300000-db3fffff
Mar 18 09:41:44 app-1 kernel: [    6.131586]   PREFETCH window: de000000-de0fffff
Mar 18 09:41:44 app-1 kernel: [    6.131632] PCI: Bridge: 0000:00:17.6
Mar 18 09:41:44 app-1 kernel: [    6.131633]   IO window: disabled.
Mar 18 09:41:44 app-1 kernel: [    6.131669]   MEM window: db700000-db7fffff
Mar 18 09:41:44 app-1 kernel: [    6.131693]   PREFETCH window: de400000-de4fffff
Mar 18 09:41:44 app-1 kernel: [    6.131739] PCI: Bridge: 0000:00:17.7
Mar 18 09:41:44 app-1 kernel: [    6.131740]   IO window: disabled.
Mar 18 09:41:44 app-1 kernel: [    6.131777]   MEM window: dbb00000-dbbfffff
Mar 18 09:41:44 app-1 kernel: [    6.131801]   PREFETCH window: de800000-de8fffff
Mar 18 09:41:44 app-1 kernel: [    6.131847] PCI: Bridge: 0000:00:18.0
Mar 18 09:41:44 app-1 kernel: [    6.131861]   IO window: 7000-7fff
Mar 18 09:41:44 app-1 kernel: [    6.131897]   MEM window: da000000-da0fffff
Mar 18 09:41:44 app-1 kernel: [    6.131921]   PREFETCH window: dcd00000-dcdfffff
Mar 18 09:41:44 app-1 kernel: [    6.131967] PCI: Bridge: 0000:00:18.1
Mar 18 09:41:44 app-1 kernel: [    6.131981]   IO window: b000-bfff
Mar 18 09:41:44 app-1 kernel: [    6.132018]   MEM window: da400000-da4fffff
Mar 18 09:41:44 app-1 kernel: [    6.132042]   PREFETCH window: dd100000-dd1fffff
Mar 18 09:41:44 app-1 kernel: [    6.132089] PCI: Bridge: 0000:00:18.2
Mar 18 09:41:44 app-1 kernel: [    6.132103]   IO window: f000-ffff
Mar 18 09:41:44 app-1 kernel: [    6.132139]   MEM window: da800000-da8fffff
Mar 18 09:41:44 app-1 kernel: [    6.132163]   PREFETCH window: dd500000-dd5fffff
Mar 18 09:41:44 app-1 kernel: [    6.132209] PCI: Bridge: 0000:00:18.3
Mar 18 09:41:44 app-1 kernel: [    6.132210]   IO window: disabled.
Mar 18 09:41:44 app-1 kernel: [    6.132246]   MEM window: dac00000-dacfffff
Mar 18 09:41:44 app-1 kernel: [    6.132271]   PREFETCH window: dd900000-dd9fffff
Mar 18 09:41:44 app-1 kernel: [    6.132317] PCI: Bridge: 0000:00:18.4
Mar 18 09:41:44 app-1 kernel: [    6.132318]   IO window: disabled.
Mar 18 09:41:44 app-1 kernel: [    6.132354]   MEM window: db000000-db0fffff
Mar 18 09:41:44 app-1 kernel: [    6.132379]   PREFETCH window: ddd00000-dddfffff
Mar 18 09:41:44 app-1 kernel: [    6.132426] PCI: Bridge: 0000:00:18.5
Mar 18 09:41:44 app-1 kernel: [    6.132427]   IO window: disabled.
Mar 18 09:41:44 app-1 kernel: [    6.132463]   MEM window: db400000-db4fffff
Mar 18 09:41:44 app-1 kernel: [    6.132487]   PREFETCH window: de100000-de1fffff
Mar 18 09:41:44 app-1 kernel: [    6.132533] PCI: Bridge: 0000:00:18.6
Mar 18 09:41:44 app-1 kernel: [    6.132538]   IO window: disabled.
Mar 18 09:41:44 app-1 kernel: [    6.132574]   MEM window: db800000-db8fffff
Mar 18 09:41:44 app-1 kernel: [    6.132599]   PREFETCH window: de500000-de5fffff
Mar 18 09:41:44 app-1 kernel: [    6.132646] PCI: Bridge: 0000:00:18.7
Mar 18 09:41:44 app-1 kernel: [    6.132647]   IO window: disabled.
Mar 18 09:41:44 app-1 kernel: [    6.132683]   MEM window: dbc00000-dbcfffff
Mar 18 09:41:44 app-1 kernel: [    6.132707]   PREFETCH window: de900000-de9fffff
Mar 18 09:41:44 app-1 kernel: [    6.132817] PCI: Setting latency timer of device 0000:00:01.0 to 64
Mar 18 09:41:44 app-1 kernel: [    6.133041] PCI: Setting latency timer of device 0000:00:15.0 to 64
Mar 18 09:41:44 app-1 kernel: [    6.133179] PCI: Setting latency timer of device 0000:00:15.1 to 64
Mar 18 09:41:44 app-1 kernel: [    6.133317] PCI: Setting latency timer of device 0000:00:15.2 to 64
Mar 18 09:41:44 app-1 kernel: [    6.133454] PCI: Setting latency timer of device 0000:00:15.3 to 64
Mar 18 09:41:44 app-1 kernel: [    6.133591] PCI: Setting latency timer of device 0000:00:15.4 to 64
Mar 18 09:41:44 app-1 kernel: [    6.133729] PCI: Setting latency timer of device 0000:00:15.5 to 64
Mar 18 09:41:44 app-1 kernel: [    6.133866] PCI: Setting latency timer of device 0000:00:15.6 to 64
Mar 18 09:41:44 app-1 kernel: [    6.134004] PCI: Setting latency timer of device 0000:00:15.7 to 64
Mar 18 09:41:44 app-1 kernel: [    6.134141] PCI: Setting latency timer of device 0000:00:16.0 to 64
Mar 18 09:41:44 app-1 kernel: [    6.134278] PCI: Setting latency timer of device 0000:00:16.1 to 64
Mar 18 09:41:44 app-1 kernel: [    6.134415] PCI: Setting latency timer of device 0000:00:16.2 to 64
Mar 18 09:41:44 app-1 kernel: [    6.134552] PCI: Setting latency timer of device 0000:00:16.3 to 64
Mar 18 09:41:44 app-1 kernel: [    6.134691] PCI: Setting latency timer of device 0000:00:16.4 to 64
Mar 18 09:41:44 app-1 kernel: [    6.134828] PCI: Setting latency timer of device 0000:00:16.5 to 64
Mar 18 09:41:44 app-1 kernel: [    6.134966] PCI: Setting latency timer of device 0000:00:16.6 to 64
Mar 18 09:41:44 app-1 kernel: [    6.135103] PCI: Setting latency timer of device 0000:00:16.7 to 64
Mar 18 09:41:44 app-1 kernel: [    6.135241] PCI: Setting latency timer of device 0000:00:17.0 to 64
Mar 18 09:41:44 app-1 kernel: [    6.135378] PCI: Setting latency timer of device 0000:00:17.1 to 64
Mar 18 09:41:44 app-1 kernel: [    6.135515] PCI: Setting latency timer of device 0000:00:17.2 to 64
Mar 18 09:41:44 app-1 kernel: [    6.135652] PCI: Setting latency timer of device 0000:00:17.3 to 64
Mar 18 09:41:44 app-1 kernel: [    6.135789] PCI: Setting latency timer of device 0000:00:17.4 to 64
Mar 18 09:41:44 app-1 kernel: [    6.135927] PCI: Setting latency timer of device 0000:00:17.5 to 64
Mar 18 09:41:44 app-1 kernel: [    6.136064] PCI: Setting latency timer of device 0000:00:17.6 to 64
Mar 18 09:41:44 app-1 kernel: [    6.136202] PCI: Setting latency timer of device 0000:00:17.7 to 64
Mar 18 09:41:44 app-1 kernel: [    6.136339] PCI: Setting latency timer of device 0000:00:18.0 to 64
Mar 18 09:41:44 app-1 kernel: [    6.136477] PCI: Setting latency timer of device 0000:00:18.1 to 64
Mar 18 09:41:44 app-1 kernel: [    6.136614] PCI: Setting latency timer of device 0000:00:18.2 to 64
Mar 18 09:41:44 app-1 kernel: [    6.136751] PCI: Setting latency timer of device 0000:00:18.3 to 64
Mar 18 09:41:44 app-1 kernel: [    6.136889] PCI: Setting latency timer of device 0000:00:18.4 to 64
Mar 18 09:41:44 app-1 kernel: [    6.137062] PCI: Setting latency timer of device 0000:00:18.5 to 64
Mar 18 09:41:44 app-1 kernel: [    6.137200] PCI: Setting latency timer of device 0000:00:18.6 to 64
Mar 18 09:41:44 app-1 kernel: [    6.137337] PCI: Setting latency timer of device 0000:00:18.7 to 64
Mar 18 09:41:44 app-1 kernel: [    6.137368] NET: Registered protocol family 2
Mar 18 09:41:44 app-1 kernel: [    6.238464] IP route cache hash table entries: 16384 (order: 5, 131072 bytes)
Mar 18 09:41:44 app-1 kernel: [    6.239616] TCP established hash table entries: 65536 (order: 8, 1048576 bytes)
Mar 18 09:41:44 app-1 kernel: [    6.247298] TCP bind hash table entries: 65536 (order: 8, 1048576 bytes)
Mar 18 09:41:44 app-1 kernel: [    6.253968] TCP: Hash tables configured (established 65536 bind 65536)
Mar 18 09:41:44 app-1 kernel: [    6.253974] TCP reno registered
Mar 18 09:41:44 app-1 kernel: [    6.277889] checking if image is initramfs... it is
Mar 18 09:41:44 app-1 kernel: [    6.870605] Freeing initrd memory: 7347k freed
Mar 18 09:41:44 app-1 kernel: [    6.873821] Simple Boot Flag at 0x36 set to 0x80
Mar 18 09:41:44 app-1 kernel: [    6.875554] audit: initializing netlink socket (disabled)
Mar 18 09:41:44 app-1 kernel: [    6.875574] audit(1268785993.890:1): initialized
Mar 18 09:41:44 app-1 kernel: [    6.876422] Total HugeTLB memory allocated, 0
Mar 18 09:41:44 app-1 kernel: [    6.882193] VFS: Disk quotas dquot_6.5.1
Mar 18 09:41:44 app-1 kernel: [    6.882315] Dquot-cache hash table entries: 512 (order 0, 4096 bytes)
Mar 18 09:41:44 app-1 kernel: [    6.882805] io scheduler noop registered
Mar 18 09:41:44 app-1 kernel: [    6.882807] io scheduler anticipatory registered
Mar 18 09:41:44 app-1 kernel: [    6.882808] io scheduler deadline registered (default)
Mar 18 09:41:44 app-1 kernel: [    6.883010] io scheduler cfq registered
Mar 18 09:41:44 app-1 kernel: [    6.883018] Limiting direct PCI/PCI transfers.
Mar 18 09:41:44 app-1 kernel: [    6.883046] Boot video device is 0000:00:0f.0
Mar 18 09:41:44 app-1 kernel: [    6.883862] PCI: Setting latency timer of device 0000:00:15.0 to 64
Mar 18 09:41:44 app-1 kernel: [    6.884410] assign_interrupt_mode Found MSI capability
Mar 18 09:41:44 app-1 kernel: [    6.884964] Allocate Port Service[0000:00:15.0:pcie00]
Mar 18 09:41:44 app-1 kernel: [    6.885016] Allocate Port Service[0000:00:15.0:pcie02]
Mar 18 09:41:44 app-1 kernel: [    6.885730] PCI: Setting latency timer of device 0000:00:15.1 to 64
Mar 18 09:41:44 app-1 kernel: [    6.886279] assign_interrupt_mode Found MSI capability
Mar 18 09:41:44 app-1 kernel: [    6.886839] Allocate Port Service[0000:00:15.1:pcie00]
Mar 18 09:41:44 app-1 kernel: [    6.886930] Allocate Port Service[0000:00:15.1:pcie02]
Mar 18 09:41:44 app-1 kernel: [    6.887660] PCI: Setting latency timer of device 0000:00:15.2 to 64
Mar 18 09:41:44 app-1 kernel: [    6.888207] assign_interrupt_mode Found MSI capability
Mar 18 09:41:44 app-1 kernel: [    6.888744] Allocate Port Service[0000:00:15.2:pcie00]
Mar 18 09:41:44 app-1 kernel: [    6.888814] Allocate Port Service[0000:00:15.2:pcie02]
Mar 18 09:41:44 app-1 kernel: [    6.889512] PCI: Setting latency timer of device 0000:00:15.3 to 64
Mar 18 09:41:44 app-1 kernel: [    6.890060] assign_interrupt_mode Found MSI capability
Mar 18 09:41:44 app-1 kernel: [    6.890593] Allocate Port Service[0000:00:15.3:pcie00]
Mar 18 09:41:44 app-1 kernel: [    6.890680] Allocate Port Service[0000:00:15.3:pcie02]
Mar 18 09:41:44 app-1 kernel: [    6.891557] PCI: Setting latency timer of device 0000:00:15.4 to 64
Mar 18 09:41:44 app-1 kernel: [    6.892102] assign_interrupt_mode Found MSI capability
Mar 18 09:41:44 app-1 kernel: [    6.892633] Allocate Port Service[0000:00:15.4:pcie00]
Mar 18 09:41:44 app-1 kernel: [    6.892711] Allocate Port Service[0000:00:15.4:pcie02]
Mar 18 09:41:44 app-1 kernel: [    6.893397] PCI: Setting latency timer of device 0000:00:15.5 to 64
Mar 18 09:41:44 app-1 kernel: [    6.893942] assign_interrupt_mode Found MSI capability
Mar 18 09:41:44 app-1 kernel: [    6.894472] Allocate Port Service[0000:00:15.5:pcie00]
Mar 18 09:41:44 app-1 kernel: [    6.894518] Allocate Port Service[0000:00:15.5:pcie02]
Mar 18 09:41:44 app-1 kernel: [    6.895241] PCI: Setting latency timer of device 0000:00:15.6 to 64
Mar 18 09:41:44 app-1 kernel: [    6.895788] assign_interrupt_mode Found MSI capability
Mar 18 09:41:44 app-1 kernel: [    6.896323] Allocate Port Service[0000:00:15.6:pcie00]
Mar 18 09:41:44 app-1 kernel: [    6.896386] Allocate Port Service[0000:00:15.6:pcie02]
Mar 18 09:41:44 app-1 kernel: [    6.897104] PCI: Setting latency timer of device 0000:00:15.7 to 64
Mar 18 09:41:44 app-1 kernel: [    6.897650] assign_interrupt_mode Found MSI capability
Mar 18 09:41:44 app-1 kernel: [    6.898181] Allocate Port Service[0000:00:15.7:pcie00]
Mar 18 09:41:44 app-1 kernel: [    6.898248] Allocate Port Service[0000:00:15.7:pcie02]
Mar 18 09:41:44 app-1 kernel: [    6.899054] PCI: Setting latency timer of device 0000:00:16.0 to 64
Mar 18 09:41:44 app-1 kernel: [    6.899605] assign_interrupt_mode Found MSI capability
Mar 18 09:41:44 app-1 kernel: [    6.900140] Allocate Port Service[0000:00:16.0:pcie00]
Mar 18 09:41:44 app-1 kernel: [    6.900183] Allocate Port Service[0000:00:16.0:pcie02]
Mar 18 09:41:44 app-1 kernel: [    6.900895] PCI: Setting latency timer of device 0000:00:16.1 to 64
Mar 18 09:41:44 app-1 kernel: [    6.901442] assign_interrupt_mode Found MSI capability
Mar 18 09:41:44 app-1 kernel: [    6.901975] Allocate Port Service[0000:00:16.1:pcie00]
Mar 18 09:41:44 app-1 kernel: [    6.902008] Allocate Port Service[0000:00:16.1:pcie02]
Mar 18 09:41:44 app-1 kernel: [    6.902677] PCI: Setting latency timer of device 0000:00:16.2 to 64
Mar 18 09:41:44 app-1 kernel: [    6.903226] assign_interrupt_mode Found MSI capability
Mar 18 09:41:44 app-1 kernel: [    6.903760] Allocate Port Service[0000:00:16.2:pcie00]
Mar 18 09:41:44 app-1 kernel: [    6.903839] Allocate Port Service[0000:00:16.2:pcie02]
Mar 18 09:41:44 app-1 kernel: [    6.904528] PCI: Setting latency timer of device 0000:00:16.3 to 64
Mar 18 09:41:44 app-1 kernel: [    6.905077] assign_interrupt_mode Found MSI capability
Mar 18 09:41:44 app-1 kernel: [    6.905617] Allocate Port Service[0000:00:16.3:pcie00]
Mar 18 09:41:44 app-1 kernel: [    6.905655] Allocate Port Service[0000:00:16.3:pcie02]
Mar 18 09:41:44 app-1 kernel: [    6.906349] PCI: Setting latency timer of device 0000:00:16.4 to 64
Mar 18 09:41:44 app-1 kernel: [    6.906938] assign_interrupt_mode Found MSI capability
Mar 18 09:41:44 app-1 kernel: [    6.907471] Allocate Port Service[0000:00:16.4:pcie00]
Mar 18 09:41:44 app-1 kernel: [    6.907670] Allocate Port Service[0000:00:16.4:pcie02]
Mar 18 09:41:44 app-1 kernel: [    6.908327] PCI: Setting latency timer of device 0000:00:16.5 to 64
Mar 18 09:41:44 app-1 kernel: [    6.908875] assign_interrupt_mode Found MSI capability
Mar 18 09:41:44 app-1 kernel: [    6.909407] Allocate Port Service[0000:00:16.5:pcie00]
Mar 18 09:41:44 app-1 kernel: [    6.909431] Allocate Port Service[0000:00:16.5:pcie02]
Mar 18 09:41:44 app-1 kernel: [    6.910081] PCI: Setting latency timer of device 0000:00:16.6 to 64
Mar 18 09:41:44 app-1 kernel: [    6.910631] assign_interrupt_mode Found MSI capability
Mar 18 09:41:44 app-1 kernel: [    6.911164] Allocate Port Service[0000:00:16.6:pcie00]
Mar 18 09:41:44 app-1 kernel: [    6.911188] Allocate Port Service[0000:00:16.6:pcie02]
Mar 18 09:41:44 app-1 kernel: [    6.911841] PCI: Setting latency timer of device 0000:00:16.7 to 64
Mar 18 09:41:44 app-1 kernel: [    6.912388] assign_interrupt_mode Found MSI capability
Mar 18 09:41:44 app-1 kernel: [    6.912920] Allocate Port Service[0000:00:16.7:pcie00]
Mar 18 09:41:44 app-1 kernel: [    6.912949] Allocate Port Service[0000:00:16.7:pcie02]
Mar 18 09:41:44 app-1 kernel: [    6.913605] PCI: Setting latency timer of device 0000:00:17.0 to 64
Mar 18 09:41:44 app-1 kernel: [    6.914151] assign_interrupt_mode Found MSI capability
Mar 18 09:41:44 app-1 kernel: [    6.914689] Allocate Port Service[0000:00:17.0:pcie00]
Mar 18 09:41:44 app-1 kernel: [    6.914713] Allocate Port Service[0000:00:17.0:pcie02]
Mar 18 09:41:44 app-1 kernel: [    6.915363] PCI: Setting latency timer of device 0000:00:17.1 to 64
Mar 18 09:41:44 app-1 kernel: [    6.915910] assign_interrupt_mode Found MSI capability
Mar 18 09:41:44 app-1 kernel: [    6.916442] Allocate Port Service[0000:00:17.1:pcie00]
Mar 18 09:41:44 app-1 kernel: [    6.916465] Allocate Port Service[0000:00:17.1:pcie02]
Mar 18 09:41:44 app-1 kernel: [    6.917132] PCI: Setting latency timer of device 0000:00:17.2 to 64
Mar 18 09:41:44 app-1 kernel: [    6.917679] assign_interrupt_mode Found MSI capability
Mar 18 09:41:44 app-1 kernel: [    6.918210] Allocate Port Service[0000:00:17.2:pcie00]
Mar 18 09:41:44 app-1 kernel: [    6.918235] Allocate Port Service[0000:00:17.2:pcie02]
Mar 18 09:41:44 app-1 kernel: [    6.918893] PCI: Setting latency timer of device 0000:00:17.3 to 64
Mar 18 09:41:44 app-1 kernel: [    6.919440] assign_interrupt_mode Found MSI capability
Mar 18 09:41:44 app-1 kernel: [    6.919974] Allocate Port Service[0000:00:17.3:pcie00]
Mar 18 09:41:44 app-1 kernel: [    6.919998] Allocate Port Service[0000:00:17.3:pcie02]
Mar 18 09:41:44 app-1 kernel: [    6.920652] PCI: Setting latency timer of device 0000:00:17.4 to 64
Mar 18 09:41:44 app-1 kernel: [    6.921199] assign_interrupt_mode Found MSI capability
Mar 18 09:41:44 app-1 kernel: [    6.921733] Allocate Port Service[0000:00:17.4:pcie00]
Mar 18 09:41:44 app-1 kernel: [    6.921757] Allocate Port Service[0000:00:17.4:pcie02]
Mar 18 09:41:44 app-1 kernel: [    6.922415] PCI: Setting latency timer of device 0000:00:17.5 to 64
Mar 18 09:41:44 app-1 kernel: [    6.922963] assign_interrupt_mode Found MSI capability
Mar 18 09:41:44 app-1 kernel: [    6.923498] Allocate Port Service[0000:00:17.5:pcie00]
Mar 18 09:41:44 app-1 kernel: [    6.923523] Allocate Port Service[0000:00:17.5:pcie02]
Mar 18 09:41:44 app-1 kernel: [    6.924175] PCI: Setting latency timer of device 0000:00:17.6 to 64
Mar 18 09:41:44 app-1 kernel: [    6.924723] assign_interrupt_mode Found MSI capability
Mar 18 09:41:44 app-1 kernel: [    6.925257] Allocate Port Service[0000:00:17.6:pcie00]
Mar 18 09:41:44 app-1 kernel: [    6.925282] Allocate Port Service[0000:00:17.6:pcie02]
Mar 18 09:41:44 app-1 kernel: [    6.925936] PCI: Setting latency timer of device 0000:00:17.7 to 64
Mar 18 09:41:44 app-1 kernel: [    6.926486] assign_interrupt_mode Found MSI capability
Mar 18 09:41:44 app-1 kernel: [    6.927034] Allocate Port Service[0000:00:17.7:pcie00]
Mar 18 09:41:44 app-1 kernel: [    6.927059] Allocate Port Service[0000:00:17.7:pcie02]
Mar 18 09:41:44 app-1 kernel: [    6.927716] PCI: Setting latency timer of device 0000:00:18.0 to 64
Mar 18 09:41:44 app-1 kernel: [    6.928264] assign_interrupt_mode Found MSI capability
Mar 18 09:41:44 app-1 kernel: [    6.928795] Allocate Port Service[0000:00:18.0:pcie00]
Mar 18 09:41:44 app-1 kernel: [    6.928820] Allocate Port Service[0000:00:18.0:pcie02]
Mar 18 09:41:44 app-1 kernel: [    6.929473] PCI: Setting latency timer of device 0000:00:18.1 to 64
Mar 18 09:41:44 app-1 kernel: [    6.930020] assign_interrupt_mode Found MSI capability
Mar 18 09:41:44 app-1 kernel: [    6.930552] Allocate Port Service[0000:00:18.1:pcie00]
Mar 18 09:41:44 app-1 kernel: [    6.930575] Allocate Port Service[0000:00:18.1:pcie02]
Mar 18 09:41:44 app-1 kernel: [    6.931227] PCI: Setting latency timer of device 0000:00:18.2 to 64
Mar 18 09:41:44 app-1 kernel: [    6.931775] assign_interrupt_mode Found MSI capability
Mar 18 09:41:44 app-1 kernel: [    6.932308] Allocate Port Service[0000:00:18.2:pcie00]
Mar 18 09:41:44 app-1 kernel: [    6.932335] Allocate Port Service[0000:00:18.2:pcie02]
Mar 18 09:41:44 app-1 kernel: [    6.932992] PCI: Setting latency timer of device 0000:00:18.3 to 64
Mar 18 09:41:44 app-1 kernel: [    6.933541] assign_interrupt_mode Found MSI capability
Mar 18 09:41:44 app-1 kernel: [    6.934074] Allocate Port Service[0000:00:18.3:pcie00]
Mar 18 09:41:44 app-1 kernel: [    6.934098] Allocate Port Service[0000:00:18.3:pcie02]
Mar 18 09:41:44 app-1 kernel: [    6.934752] PCI: Setting latency timer of device 0000:00:18.4 to 64
Mar 18 09:41:44 app-1 kernel: [    6.935302] assign_interrupt_mode Found MSI capability
Mar 18 09:41:44 app-1 kernel: [    6.935833] Allocate Port Service[0000:00:18.4:pcie00]
Mar 18 09:41:44 app-1 kernel: [    6.935859] Allocate Port Service[0000:00:18.4:pcie02]
Mar 18 09:41:44 app-1 kernel: [    6.936518] PCI: Setting latency timer of device 0000:00:18.5 to 64
Mar 18 09:41:44 app-1 kernel: [    6.937096] assign_interrupt_mode Found MSI capability
Mar 18 09:41:44 app-1 kernel: [    6.937630] Allocate Port Service[0000:00:18.5:pcie00]
Mar 18 09:41:44 app-1 kernel: [    6.937654] Allocate Port Service[0000:00:18.5:pcie02]
Mar 18 09:41:44 app-1 kernel: [    6.938311] PCI: Setting latency timer of device 0000:00:18.6 to 64
Mar 18 09:41:44 app-1 kernel: [    6.938856] assign_interrupt_mode Found MSI capability
Mar 18 09:41:44 app-1 kernel: [    6.939389] Allocate Port Service[0000:00:18.6:pcie00]
Mar 18 09:41:44 app-1 kernel: [    6.939413] Allocate Port Service[0000:00:18.6:pcie02]
Mar 18 09:41:44 app-1 kernel: [    6.940068] PCI: Setting latency timer of device 0000:00:18.7 to 64
Mar 18 09:41:44 app-1 kernel: [    6.940615] assign_interrupt_mode Found MSI capability
Mar 18 09:41:44 app-1 kernel: [    6.941150] Allocate Port Service[0000:00:18.7:pcie00]
Mar 18 09:41:44 app-1 kernel: [    6.941174] Allocate Port Service[0000:00:18.7:pcie02]
Mar 18 09:41:44 app-1 kernel: [    6.971552] Real Time Clock Driver v1.12ac
Mar 18 09:41:44 app-1 kernel: [    6.971632] Linux agpgart interface v0.102
Mar 18 09:41:44 app-1 kernel: [    6.971640] Serial: 8250/16550 driver $Revision: 1.90 $ 4 ports, IRQ sharing enabled
Mar 18 09:41:44 app-1 kernel: [    6.972279] serial8250: ttyS0 at I/O 0x3f8 (irq = 4) is a 16550A
Mar 18 09:41:44 app-1 kernel: [    6.972812] serial8250: ttyS1 at I/O 0x2f8 (irq = 3) is a 16550A
Mar 18 09:41:44 app-1 kernel: [    6.973686] 00:09: ttyS0 at I/O 0x3f8 (irq = 4) is a 16550A
Mar 18 09:41:44 app-1 kernel: [    6.974262] 00:0a: ttyS1 at I/O 0x2f8 (irq = 3) is a 16550A
Mar 18 09:41:44 app-1 kernel: [    6.974745] RAMDISK driver initialized: 16 RAM disks of 65536K size 1024 blocksize
Mar 18 09:41:44 app-1 kernel: [    6.974801] input: Macintosh mouse button emulation as /devices/virtual/input/input0
Mar 18 09:41:44 app-1 kernel: [    6.974875] PNP: PS/2 Controller [PNP0303:KBC,PNP0f13:MOUS] at 0x60,0x64 irq 1,12
Mar 18 09:41:44 app-1 kernel: [    7.492785] serio: i8042 KBD port at 0x60,0x64 irq 1
